Archive member included to satisfy reference by file (symbol)

libopencm3/lib/libopencm3_stm32f1.a(gpio.o)
                              build/src/usb_cdc.o (gpio_set_mode)
libopencm3/lib/libopencm3_stm32f1.a(gpio_common_all.o)
                              build/src/w25qxx.o (gpio_set)
libopencm3/lib/libopencm3_stm32f1.a(rcc.o)
                              build/src/main.o (rcc_clock_setup_pll)
libopencm3/lib/libopencm3_stm32f1.a(rcc_common_all.o)
                              build/src/usb_cdc.o (rcc_periph_clock_enable)
libopencm3/lib/libopencm3_stm32f1.a(spi_common_all.o)
                              build/src/w25qxx.o (spi_enable)
libopencm3/lib/libopencm3_stm32f1.a(spi_common_v1.o)
                              build/src/w25qxx.o (spi_init_master)
libopencm3/lib/libopencm3_stm32f1.a(usb.o)
                              build/src/usb_cdc.o (usbd_init)
libopencm3/lib/libopencm3_stm32f1.a(usb_control.o)
                              build/src/usb_cdc.o (usbd_register_control_callback)
libopencm3/lib/libopencm3_stm32f1.a(usb_standard.o)
                              build/src/usb_cdc.o (usbd_register_set_config_callback)
libopencm3/lib/libopencm3_stm32f1.a(st_usbfs_v1.o)
                              build/src/usb_cdc.o (st_usbfs_v1_usb_driver)
libopencm3/lib/libopencm3_stm32f1.a(vector.o)
                              (reset_handler)
libopencm3/lib/libopencm3_stm32f1.a(systick.o)
                              build/src/main.o (systick_set_reload)
libopencm3/lib/libopencm3_stm32f1.a(assert.o)
                              libopencm3/lib/libopencm3_stm32f1.a(rcc.o) (cm3_assert_failed)
libopencm3/lib/libopencm3_stm32f1.a(flash_common_all.o)
                              libopencm3/lib/libopencm3_stm32f1.a(rcc.o) (flash_set_ws)
libopencm3/lib/libopencm3_stm32f1.a(st_usbfs_core.o)
                              libopencm3/lib/libopencm3_stm32f1.a(st_usbfs_v1.o) (st_usbfs_set_address)
/usr/lib/gcc/arm-none-eabi/13.2.1/../../../arm-none-eabi/lib/thumb/v7-m/nofp/libc.a(libc_a-vsnprintf.o)
                              build/src/protocol.o (vsnprintf)
/usr/lib/gcc/arm-none-eabi/13.2.1/../../../arm-none-eabi/lib/thumb/v7-m/nofp/libc.a(libc_a-strtok.o)
                              build/src/protocol.o (strtok)
/usr/lib/gcc/arm-none-eabi/13.2.1/../../../arm-none-eabi/lib/thumb/v7-m/nofp/libc.a(libc_a-svfprintf.o)
                              /usr/lib/gcc/arm-none-eabi/13.2.1/../../../arm-none-eabi/lib/thumb/v7-m/nofp/libc.a(libc_a-vsnprintf.o) (_svfprintf_r)
/usr/lib/gcc/arm-none-eabi/13.2.1/../../../arm-none-eabi/lib/thumb/v7-m/nofp/libc.a(libc_a-strcmp.o)
                              build/src/protocol.o (strcmp)
/usr/lib/gcc/arm-none-eabi/13.2.1/../../../arm-none-eabi/lib/thumb/v7-m/nofp/libc.a(libc_a-strtoul.o)
                              build/src/protocol.o (strtoul)
/usr/lib/gcc/arm-none-eabi/13.2.1/../../../arm-none-eabi/lib/thumb/v7-m/nofp/libc.a(libc_a-errno.o)
                              build/src/syscalls.o (__errno)
/usr/lib/gcc/arm-none-eabi/13.2.1/../../../arm-none-eabi/lib/thumb/v7-m/nofp/libc.a(libc_a-impure.o)
                              /usr/lib/gcc/arm-none-eabi/13.2.1/../../../arm-none-eabi/lib/thumb/v7-m/nofp/libc.a(libc_a-vsnprintf.o) (_impure_ptr)
/usr/lib/gcc/arm-none-eabi/13.2.1/../../../arm-none-eabi/lib/thumb/v7-m/nofp/libc.a(libc_a-mallocr.o)
                              /usr/lib/gcc/arm-none-eabi/13.2.1/../../../arm-none-eabi/lib/thumb/v7-m/nofp/libc.a(libc_a-svfprintf.o) (_malloc_r)
/usr/lib/gcc/arm-none-eabi/13.2.1/../../../arm-none-eabi/lib/thumb/v7-m/nofp/libc.a(libc_a-dtoa.o)
                              /usr/lib/gcc/arm-none-eabi/13.2.1/../../../arm-none-eabi/lib/thumb/v7-m/nofp/libc.a(libc_a-svfprintf.o) (_dtoa_r)
/usr/lib/gcc/arm-none-eabi/13.2.1/../../../arm-none-eabi/lib/thumb/v7-m/nofp/libc.a(libc_a-freer.o)
                              /usr/lib/gcc/arm-none-eabi/13.2.1/../../../arm-none-eabi/lib/thumb/v7-m/nofp/libc.a(libc_a-mallocr.o) (_free_r)
/usr/lib/gcc/arm-none-eabi/13.2.1/../../../arm-none-eabi/lib/thumb/v7-m/nofp/libc.a(libc_a-strtok_r.o)
                              /usr/lib/gcc/arm-none-eabi/13.2.1/../../../arm-none-eabi/lib/thumb/v7-m/nofp/libc.a(libc_a-strtok.o) (__strtok_r)
/usr/lib/gcc/arm-none-eabi/13.2.1/../../../arm-none-eabi/lib/thumb/v7-m/nofp/libc.a(libc_a-memcmp.o)
                              libopencm3/lib/libopencm3_stm32f1.a(usb_standard.o) (memcmp)
/usr/lib/gcc/arm-none-eabi/13.2.1/../../../arm-none-eabi/lib/thumb/v7-m/nofp/libc.a(libc_a-memcpy.o)
                              libopencm3/lib/libopencm3_stm32f1.a(usb_standard.o) (memcpy)
/usr/lib/gcc/arm-none-eabi/13.2.1/../../../arm-none-eabi/lib/thumb/v7-m/nofp/libc.a(libc_a-sysconf.o)
                              /usr/lib/gcc/arm-none-eabi/13.2.1/../../../arm-none-eabi/lib/thumb/v7-m/nofp/libc.a(libc_a-mallocr.o) (sysconf)
/usr/lib/gcc/arm-none-eabi/13.2.1/../../../arm-none-eabi/lib/thumb/v7-m/nofp/libc.a(libc_a-mlock.o)
[...]
Memory Configuration

Name             Origin             Length             Attributes
rom              0x08000000         0x00010000         xr
ram              0x20000000         0x00005000         xrw
*default*        0x00000000         0xffffffff

Linker script and memory map

LOAD build/src/main.o
LOAD build/src/usb_cdc.o
LOAD build/src/protocol.o
LOAD build/src/w25qxx.o
LOAD build/src/syscalls.o
LOAD libopencm3/lib/libopencm3_stm32f1.a
LOAD /usr/lib/gcc/arm-none-eabi/13.2.1/../../../arm-none-eabi/lib/thumb/v7-m/nofp/libc.a
LOAD /usr/lib/gcc/arm-none-eabi/13.2.1/thumb/v7-m/nofp/libgcc.a
START GROUP
LOAD /usr/lib/gcc/arm-none-eabi/13.2.1/thumb/v7-m/nofp/libgcc.a
LOAD /usr/lib/gcc/arm-none-eabi/13.2.1/../../../arm-none-eabi/lib/thumb/v7-m/nofp/libc.a
END GROUP

.text           0x08000000     0x8fa8
 *(.vectors)
 .vectors       0x08000000      0x150 libopencm3/lib/libopencm3_stm32f1.a(vector.o)
                0x08000000                vector_table
 *(.text*)
 .text.sys_tick_handler
                0x08000150       0x10 build/src/main.o
                0x08000150                sys_tick_handler
 .text.millis   0x08000160        0xc build/src/main.o
                0x08000160                millis
 .text.delay_ms
                0x0800016c       0x18 build/src/main.o
                0x0800016c                delay_ms
 .text.startup.main
                0x08000184       0x40 build/src/main.o
                0x08000184                main
 .text.cdcacm_control_request
                0x080001c4       0x1c build/src/usb_cdc.o
 .text.cdcacm_set_config
                0x080001e0       0x4c build/src/usb_cdc.o
 .text.cdcacm_data_rx_cb
                0x0800022c       0x1e build/src/usb_cdc.o
 *fill*         0x0800024a        0x2 
 .text.usb_cdc_init
                0x0800024c       0x88 build/src/usb_cdc.o
                0x0800024c                usb_cdc_init
 .text.usb_cdc_poll
                0x080002d4        0xc build/src/usb_cdc.o
                0x080002d4                usb_cdc_poll
 .text.usb_cdc_write
                0x080002e0       0x58 build/src/usb_cdc.o
                0x080002e0                usb_cdc_write
 .text.crc32_update
                0x08000338       0x30 build/src/protocol.o
 .text.tx_line  0x08000368       0x30 build/src/protocol.o
 .text.parse_hex_u32.constprop.0
                0x08000398       0x34 build/src/protocol.o
 .text.handle_verify
                0x080003cc       0xc8 build/src/protocol.o
 .text.handle_read
                0x08000494       0xcc build/src/protocol.o
 .text.protocol_init
                0x08000560       0x24 build/src/protocol.o
                0x08000560                protocol_init
 .text.protocol_rx
                0x08000584       0x3c build/src/protocol.o
                0x08000584                protocol_rx
 .text.protocol_task
                0x080005c0      0x344 build/src/protocol.o
                0x080005c0                protocol_task
 .text.cs_high  0x08000904        0xc build/src/w25qxx.o
 .text.cs_low   0x08000910        0xc build/src/w25qxx.o
 .text.spi_transfer
                0x0800091c       0x14 build/src/w25qxx.o
 .text.wait_while_busy
                0x08000930       0x34 build/src/w25qxx.o
 .text.w25qxx_info
                0x08000964        0x8 build/src/w25qxx.o
                0x08000964                w25qxx_info
 .text.w25qxx_read_jedec_id
                0x0800096c       0x64 build/src/w25qxx.o
                0x0800096c                w25qxx_read_jedec_id
 .text.w25qxx_init
                0x080009d0       0xa8 build/src/w25qxx.o
                0x080009d0                w25qxx_init
 .text.range_is_valid.part.0
                0x08000a78       0x34 build/src/w25qxx.o
 .text.w25qxx_read
                0x08000aac       0x56 build/src/w25qxx.o
                0x08000aac                w25qxx_read
 .text.w25qxx_write
                0x08000b02       0x90 build/src/w25qxx.o
                0x08000b02                w25qxx_write
 .text.w25qxx_erase_sector
                0x08000b92       0x68 build/src/w25qxx.o
                0x08000b92                w25qxx_erase_sector
 *fill*         0x08000bfa        0x2 
 .text.w25qxx_erase_range
                0x08000bfc       0x3c build/src/w25qxx.o
                0x08000bfc                w25qxx_erase_range
 .text._close   0x08000c38       0x10 build/src/syscalls.o
                0x08000c38                _close
 .text._fstat   0x08000c48        0xa build/src/syscalls.o
                0x08000c48                _fstat
 .text._exit    0x08000c52        0x4 build/src/syscalls.o
                0x08000c52                _exit
 .text._getpid  0x08000c56        0x4 build/src/syscalls.o
                0x08000c56                _getpid
 .text._isatty  0x08000c5a        0x4 build/src/syscalls.o
                0x08000c5a                _isatty
 .text._kill    0x08000c5e       0x10 build/src/syscalls.o
                0x08000c5e                _kill
 .text._lseek   0x08000c6e        0x4 build/src/syscalls.o
                0x08000c6e                _lseek
 .text._read    0x08000c72        0x4 build/src/syscalls.o
                0x08000c72                _read
 *fill*         0x08000c76        0x2 
 .text._sbrk    0x08000c78       0x34 build/src/syscalls.o
                0x08000c78                _sbrk
 .text._write   0x08000cac        0x4 build/src/syscalls.o
                0x08000cac                _write
 .text.gpio_set_mode
                0x08000cb0       0x5e libopencm3/lib/libopencm3_stm32f1.a(gpio.o)
                0x08000cb0                gpio_set_mode
 .text.gpio_set
                0x08000d0e        0x4 libopencm3/lib/libopencm3_stm32f1.a(gpio_common_all.o)
                0x08000d0e                gpio_set
 .text.gpio_clear
                0x08000d12        0x6 libopencm3/lib/libopencm3_stm32f1.a(gpio_common_all.o)
                0x08000d12                gpio_clear
 .text.rcc_is_osc_ready
                0x08000d18       0x58 libopencm3/lib/libopencm3_stm32f1.a(rcc.o)
                0x08000d18                rcc_is_osc_ready
 .text.rcc_wait_for_osc_ready
                0x08000d70       0x10 libopencm3/lib/libopencm3_stm32f1.a(rcc.o)
                0x08000d70                rcc_wait_for_osc_ready
 .text.rcc_osc_on
                0x08000d80       0x60 libopencm3/lib/libopencm3_stm32f1.a(rcc.o)
                0x08000d80                rcc_osc_on
 .text.rcc_set_sysclk_source
                0x08000de0       0x14 libopencm3/lib/libopencm3_stm32f1.a(rcc.o)
                0x08000de0                rcc_set_sysclk_source
 .text.rcc_set_pll_multiplication_factor
                0x08000df4       0x14 libopencm3/lib/libopencm3_stm32f1.a(rcc.o)
                0x08000df4                rcc_set_pll_multiplication_factor
 .text.rcc_set_pll2_multiplication_factor
                0x08000e08       0x14 libopencm3/lib/libopencm3_stm32f1.a(rcc.o)
                0x08000e08                rcc_set_pll2_multiplication_factor
 .text.rcc_set_pll3_multiplication_factor
                0x08000e1c       0x14 libopencm3/lib/libopencm3_stm32f1.a(rcc.o)
                0x08000e1c                rcc_set_pll3_multiplication_factor
 .text.rcc_set_pll_source
                0x08000e30       0x14 libopencm3/lib/libopencm3_stm32f1.a(rcc.o)
                0x08000e30                rcc_set_pll_source
 .text.rcc_set_pllxtpre
                0x08000e44       0x14 libopencm3/lib/libopencm3_stm32f1.a(rcc.o)
                0x08000e44                rcc_set_pllxtpre
 .text.rcc_set_adcpre
                0x08000e58       0x14 libopencm3/lib/libopencm3_stm32f1.a(rcc.o)
                0x08000e58                rcc_set_adcpre
 .text.rcc_set_ppre2
                0x08000e6c       0x14 libopencm3/lib/libopencm3_stm32f1.a(rcc.o)
                0x08000e6c                rcc_set_ppre2
 .text.rcc_set_ppre1
                0x08000e80       0x14 libopencm3/lib/libopencm3_stm32f1.a(rcc.o)
                0x08000e80                rcc_set_ppre1
 .text.rcc_set_hpre
                0x08000e94       0x14 libopencm3/lib/libopencm3_stm32f1.a(rcc.o)
                0x08000e94                rcc_set_hpre
 .text.rcc_set_usbpre
                0x08000ea8       0x18 libopencm3/lib/libopencm3_stm32f1.a(rcc.o)
                0x08000ea8                rcc_set_usbpre
 .text.rcc_set_prediv1
                0x08000ec0       0x14 libopencm3/lib/libopencm3_stm32f1.a(rcc.o)
                0x08000ec0                rcc_set_prediv1
 .text.rcc_set_prediv2
                0x08000ed4       0x14 libopencm3/lib/libopencm3_stm32f1.a(rcc.o)
                0x08000ed4                rcc_set_prediv2
 .text.rcc_set_prediv1_source
                0x08000ee8       0x18 libopencm3/lib/libopencm3_stm32f1.a(rcc.o)
                0x08000ee8                rcc_set_prediv1_source
 .text.rcc_clock_setup_pll
                0x08000f00       0xbc libopencm3/lib/libopencm3_stm32f1.a(rcc.o)
                0x08000f00                rcc_clock_setup_pll
 .text.rcc_periph_clock_enable
                0x08000fbc       0x1a libopencm3/lib/libopencm3_stm32f1.a(rcc_common_all.o)
                0x08000fbc                rcc_periph_clock_enable
 .text.rcc_periph_reset_pulse
                0x08000fd6       0x22 libopencm3/lib/libopencm3_stm32f1.a(rcc_common_all.o)
                0x08000fd6                rcc_periph_reset_pulse
 .text.spi_enable
                0x08000ff8        0xa libopencm3/lib/libopencm3_stm32f1.a(spi_common_all.o)
                0x08000ff8                spi_enable
 .text.spi_xfer
                0x08001002        0xe libopencm3/lib/libopencm3_stm32f1.a(spi_common_all.o)
                0x08001002                spi_xfer
 .text.spi_enable_software_slave_management
                0x08001010       0x12 libopencm3/lib/libopencm3_stm32f1.a(spi_common_all.o)
                0x08001010                spi_enable_software_slave_management
 .text.spi_set_nss_high
                0x08001022        0xa libopencm3/lib/libopencm3_stm32f1.a(spi_common_all.o)
                0x08001022                spi_set_nss_high
 .text.spi_init_master
                0x0800102c       0x28 libopencm3/lib/libopencm3_stm32f1.a(spi_common_v1.o)
                0x0800102c                spi_init_master
 .text.usbd_init
                0x08001054       0x54 libopencm3/lib/libopencm3_stm32f1.a(usb.o)
                0x08001054                usbd_init
 .text.usbd_poll
                0x080010a8        0x8 libopencm3/lib/libopencm3_stm32f1.a(usb.o)
                0x080010a8                usbd_poll
 .text.usbd_ep_setup
                0x080010b0        0xe libopencm3/lib/libopencm3_stm32f1.a(usb.o)
                0x080010b0                usbd_ep_setup
 .text._usbd_reset
                0x080010be       0x32 libopencm3/lib/libopencm3_stm32f1.a(usb.o)
                0x080010be                _usbd_reset
 .text.usbd_ep_write_packet
                0x080010f0        0xe libopencm3/lib/libopencm3_stm32f1.a(usb.o)
                0x080010f0                usbd_ep_write_packet
 .text.usbd_ep_read_packet
                0x080010fe        0xe libopencm3/lib/libopencm3_stm32f1.a(usb.o)
                0x080010fe                usbd_ep_read_packet
 .text.usbd_ep_stall_set
                0x0800110c        0x8 libopencm3/lib/libopencm3_stm32f1.a(usb.o)
                0x0800110c                usbd_ep_stall_set
 .text.usbd_ep_stall_get
                0x08001114        0x8 libopencm3/lib/libopencm3_stm32f1.a(usb.o)
                0x08001114                usbd_ep_stall_get
 .text.usbd_ep_nak_set
                0x0800111c        0x8 libopencm3/lib/libopencm3_stm32f1.a(usb.o)
                0x0800111c                usbd_ep_nak_set
 .text.usb_control_send_chunk
                0x08001124       0x56 libopencm3/lib/libopencm3_stm32f1.a(usb_control.o)
 .text.usb_control_request_dispatch
                0x0800117a       0x90 libopencm3/lib/libopencm3_stm32f1.a(usb_control.o)
 .text.stall_transaction
                0x0800120a       0x14 libopencm3/lib/libopencm3_stm32f1.a(usb_control.o)
 .text.usb_control_recv_chunk
                0x0800121e       0x42 libopencm3/lib/libopencm3_stm32f1.a(usb_control.o)
 .text.usbd_register_control_callback
                0x08001260       0x2c libopencm3/lib/libopencm3_stm32f1.a(usb_control.o)
                0x08001260                usbd_register_control_callback
 .text._usbd_control_setup
                0x0800128c       0xac libopencm3/lib/libopencm3_stm32f1.a(usb_control.o)
                0x0800128c                _usbd_control_setup
 .text._usbd_control_out
                0x08001338       0x84 libopencm3/lib/libopencm3_stm32f1.a(usb_control.o)
                0x08001338                _usbd_control_out
 .text._usbd_control_in
                0x080013bc       0x64 libopencm3/lib/libopencm3_stm32f1.a(usb_control.o)
                0x080013bc                _usbd_control_in
 .text.usb_standard_set_address
                0x08001420       0x28 libopencm3/lib/libopencm3_stm32f1.a(usb_standard.o)
 .text.usb_standard_set_configuration
                0x08001448       0x92 libopencm3/lib/libopencm3_stm32f1.a(usb_standard.o)
 .text.usb_standard_get_configuration
                0x080014da       0x22 libopencm3/lib/libopencm3_stm32f1.a(usb_standard.o)
 .text.usb_standard_set_interface
                0x080014fc       0x50 libopencm3/lib/libopencm3_stm32f1.a(usb_standard.o)
 .text.usb_standard_get_interface
                0x0800154c       0x34 libopencm3/lib/libopencm3_stm32f1.a(usb_standard.o)
 .text.usb_standard_device_get_status
                0x08001580       0x18 libopencm3/lib/libopencm3_stm32f1.a(usb_standard.o)
 .text.usb_standard_endpoint_get_status
                0x08001598       0x2a libopencm3/lib/libopencm3_stm32f1.a(usb_standard.o)
 .text.usb_standard_endpoint_stall
                0x080015c2       0x10 libopencm3/lib/libopencm3_stm32f1.a(usb_standard.o)
 .text.usb_standard_endpoint_unstall
                0x080015d2       0x10 libopencm3/lib/libopencm3_stm32f1.a(usb_standard.o)
 *fill*         0x080015e2        0x2 
 .text.usb_standard_get_descriptor
                0x080015e4      0x384 libopencm3/lib/libopencm3_stm32f1.a(usb_standard.o)
 .text.usb_standard_interface_get_status
                0x08001968       0x18 libopencm3/lib/libopencm3_stm32f1.a(usb_standard.o)
 .text.usbd_register_set_config_callback
                0x08001980       0x28 libopencm3/lib/libopencm3_stm32f1.a(usb_standard.o)
                0x08001980                usbd_register_set_config_callback
 .text._usbd_standard_request_device
                0x080019a8       0x48 libopencm3/lib/libopencm3_stm32f1.a(usb_standard.o)
                0x080019a8                _usbd_standard_request_device
 .text._usbd_standard_request_interface
                0x080019f0       0x30 libopencm3/lib/libopencm3_stm32f1.a(usb_standard.o)
                0x080019f0                _usbd_standard_request_interface
 .text._usbd_standard_request_endpoint
                0x08001a20       0x3c libopencm3/lib/libopencm3_stm32f1.a(usb_standard.o)
                0x08001a20                _usbd_standard_request_endpoint
 .text._usbd_standard_request
                0x08001a5c       0x30 libopencm3/lib/libopencm3_stm32f1.a(usb_standard.o)
                0x08001a5c                _usbd_standard_request
 .text.st_usbfs_v1_usbd_init
                0x08001a8c       0x30 libopencm3/lib/libopencm3_stm32f1.a(st_usbfs_v1.o)
 .text.st_usbfs_copy_to_pm
                0x08001abc       0x1a libopencm3/lib/libopencm3_stm32f1.a(st_usbfs_v1.o)
                0x08001abc                st_usbfs_copy_to_pm
 .text.st_usbfs_copy_from_pm
                0x08001ad6       0x24 libopencm3/lib/libopencm3_stm32f1.a(st_usbfs_v1.o)
                0x08001ad6                st_usbfs_copy_from_pm
 .text.blocking_handler
                0x08001afa        0x2 libopencm3/lib/libopencm3_stm32f1.a(vector.o)
                0x08001afa                usart3_isr
                0x08001afa                rtc_isr
                0x08001afa                tim7_isr
                0x08001afa                adc1_2_isr
                0x08001afa                tim1_trg_com_isr
                0x08001afa                usb_hp_can_tx_isr
                0x08001afa                tim6_isr
                0x08001afa                usb_wakeup_isr
                0x08001afa                blocking_handler
                0x08001afa                tim5_isr
                0x08001afa                otg_fs_isr
                0x08001afa                spi1_isr
                0x08001afa                exti2_isr
                0x08001afa                dma1_channel6_isr
                0x08001afa                can_rx1_isr
                0x08001afa                dma1_channel5_isr
                0x08001afa                dma2_channel5_isr
                0x08001afa                usart1_isr
                0x08001afa                usage_fault_handler
                0x08001afa                tim8_trg_com_isr
                0x08001afa                can2_rx0_isr
                0x08001afa                tim1_brk_isr
                0x08001afa                can2_rx1_isr
                0x08001afa                tim1_cc_isr
                0x08001afa                sdio_isr
                0x08001afa                eth_isr
                0x08001afa                dma1_channel4_isr
                0x08001afa                tim8_brk_isr
                0x08001afa                dma2_channel4_5_isr
                0x08001afa                pvd_isr
                0x08001afa                rcc_isr
                0x08001afa                flash_isr
                0x08001afa                uart4_isr
                0x08001afa                rtc_alarm_isr
                0x08001afa                exti15_10_isr
                0x08001afa                hard_fault_handler
                0x08001afa                exti1_isr
                0x08001afa                i2c1_ev_isr
                0x08001afa                dma2_channel1_isr
                0x08001afa                spi2_isr
                0x08001afa                tim8_up_isr
                0x08001afa                dma2_channel2_isr
                0x08001afa                exti3_isr
                0x08001afa                adc3_isr
                0x08001afa                tim3_isr
                0x08001afa                usart2_isr
                0x08001afa                usb_lp_can_rx0_isr
                0x08001afa                i2c2_er_isr
                0x08001afa                i2c2_ev_isr
                0x08001afa                uart5_isr
                0x08001afa                fsmc_isr
                0x08001afa                dma1_channel1_isr
                0x08001afa                exti4_isr
                0x08001afa                mem_manage_handler
                0x08001afa                can2_tx_isr
                0x08001afa                exti9_5_isr
                0x08001afa                dma2_channel3_isr
                0x08001afa                dma1_channel7_isr
                0x08001afa                tim1_up_isr
                0x08001afa                can2_sce_isr
                0x08001afa                tim4_isr
                0x08001afa                dma1_channel2_isr
                0x08001afa                i2c1_er_isr
                0x08001afa                can_sce_isr
                0x08001afa                tim8_cc_isr
                0x08001afa                tamper_isr
                0x08001afa                eth_wkup_isr
                0x08001afa                bus_fault_handler
                0x08001afa                wwdg_isr
                0x08001afa                dma1_channel3_isr
                0x08001afa                spi3_isr
                0x08001afa                tim2_isr
                0x08001afa                exti0_isr
 .text.null_handler
                0x08001afc        0x2 libopencm3/lib/libopencm3_stm32f1.a(vector.o)
                0x08001afc                null_handler
                0x08001afc                sv_call_handler
                0x08001afc                pend_sv_handler
                0x08001afc                debug_monitor_handler
                0x08001afc                nmi_handler
 *fill*         0x08001afe        0x2 
 .text.reset_handler
                0x08001b00       0x94 libopencm3/lib/libopencm3_stm32f1.a(vector.o)
                0x08001b00                reset_handler
 .text.systick_set_reload
                0x08001b94        0xc libopencm3/lib/libopencm3_stm32f1.a(systick.o)
                0x08001b94                systick_set_reload
 .text.systick_set_clocksource
                0x08001ba0       0x14 libopencm3/lib/libopencm3_stm32f1.a(systick.o)
                0x08001ba0                systick_set_clocksource
 .text.systick_interrupt_enable
                0x08001bb4        0xe libopencm3/lib/libopencm3_stm32f1.a(systick.o)
                0x08001bb4                systick_interrupt_enable
 .text.systick_counter_enable
                0x08001bc2        0xe libopencm3/lib/libopencm3_stm32f1.a(systick.o)
                0x08001bc2                systick_counter_enable
 .text.systick_clear
                0x08001bd0        0xa libopencm3/lib/libopencm3_stm32f1.a(systick.o)
                0x08001bd0                systick_clear
 *fill*         0x08001bda        0x2 
 .text.flash_set_ws
                0x08001bdc       0x14 libopencm3/lib/libopencm3_stm32f1.a(flash_common_all.o)
                0x08001bdc                flash_set_ws
 .text.st_usbfs_set_address
                0x08001bf0       0x10 libopencm3/lib/libopencm3_stm32f1.a(st_usbfs_core.o)
                0x08001bf0                st_usbfs_set_address
 .text.st_usbfs_set_ep_rx_bufsize
                0x08001c00       0x44 libopencm3/lib/libopencm3_stm32f1.a(st_usbfs_core.o)
                0x08001c00                st_usbfs_set_ep_rx_bufsize
 .text.st_usbfs_ep_setup
                0x08001c44      0x128 libopencm3/lib/libopencm3_stm32f1.a(st_usbfs_core.o)
                0x08001c44                st_usbfs_ep_setup
 .text.st_usbfs_endpoints_reset
                0x08001d6c       0x44 libopencm3/lib/libopencm3_stm32f1.a(st_usbfs_core.o)
                0x08001d6c                st_usbfs_endpoints_reset
 .text.st_usbfs_ep_stall_set
                0x08001db0       0xbc libopencm3/lib/libopencm3_stm32f1.a(st_usbfs_core.o)
                0x08001db0                st_usbfs_ep_stall_set
 .text.st_usbfs_ep_stall_get
                0x08001e6c       0x38 libopencm3/lib/libopencm3_stm32f1.a(st_usbfs_core.o)
                0x08001e6c                st_usbfs_ep_stall_get
 .text.st_usbfs_ep_nak_set
                0x08001ea4       0x3c libopencm3/lib/libopencm3_stm32f1.a(st_usbfs_core.o)
                0x08001ea4                st_usbfs_ep_nak_set
 .text.st_usbfs_ep_write_packet
                0x08001ee0       0x88 libopencm3/lib/libopencm3_stm32f1.a(st_usbfs_core.o)
                0x08001ee0                st_usbfs_ep_write_packet
 .text.st_usbfs_ep_read_packet
                0x08001f68       0xb4 libopencm3/lib/libopencm3_stm32f1.a(st_usbfs_core.o)
                0x08001f68                st_usbfs_ep_read_packet
 .text.st_usbfs_poll
                0x0800201c       0xf0 libopencm3/lib/libopencm3_stm32f1.a(st_usbfs_core.o)
                0x0800201c                st_usbfs_poll
 .text          0x0800210c       0xe4 /usr/lib/gcc/arm-none-eabi/13.2.1/../../../arm-none-eabi/lib/thumb/v7-m/nofp/libc.a(libc_a-vsnprintf.o)
                0x0800210c                vsnprintf
                0x08002180                _vsnprintf_r
 .text          0x080021f0       0x10 /usr/lib/gcc/arm-none-eabi/13.2.1/../../../arm-none-eabi/lib/thumb/v7-m/nofp/libc.a(libc_a-strtok.o)
                0x080021f0                strtok
 .text          0x08002200     0x1410 /usr/lib/gcc/arm-none-eabi/13.2.1/../../../arm-none-eabi/lib/thumb/v7-m/nofp/libc.a(libc_a-svfprintf.o)
                0x08002200                _svfprintf_r
 .text          0x08003610      0x1bc /usr/lib/gcc/arm-none-eabi/13.2.1/../../../arm-none-eabi/lib/thumb/v7-m/nofp/libc.a(libc_a-strcmp.o)
                0x08003610                strcmp
 .text          0x080037cc      0x170 /usr/lib/gcc/arm-none-eabi/13.2.1/../../../arm-none-eabi/lib/thumb/v7-m/nofp/libc.a(libc_a-strtoul.o)
                0x08003900                _strtoul_r
                0x08003904                strtoul_l
                0x08003920                strtoul
 .text          0x0800393c        0xc /usr/lib/gcc/arm-none-eabi/13.2.1/../../../arm-none-eabi/lib/thumb/v7-m/nofp/libc.a(libc_a-errno.o)
                0x0800393c                __errno
 .text          0x08003948      0x55c /usr/lib/gcc/arm-none-eabi/13.2.1/../../../arm-none-eabi/lib/thumb/v7-m/nofp/libc.a(libc_a-mallocr.o)
                0x08003948                _malloc_r
 *fill*         0x08003ea4        0x4 
 .text          0x08003ea8      0xfd4 /usr/lib/gcc/arm-none-eabi/13.2.1/../../../arm-none-eabi/lib/thumb/v7-m/nofp/libc.a(libc_a-dtoa.o)
                0x08003fe4                _dtoa_r
 .text          0x08004e7c      0x2b0 /usr/lib/gcc/arm-none-eabi/13.2.1/../../../arm-none-eabi/lib/thumb/v7-m/nofp/libc.a(libc_a-freer.o)
                0x08004e7c                _malloc_trim_r
                0x08004f34                _free_r
 .text          0x0800512c       0x6c /usr/lib/gcc/arm-none-eabi/13.2.1/../../../arm-none-eabi/lib/thumb/v7-m/nofp/libc.a(libc_a-strtok_r.o)
                0x0800512c                __strtok_r
                0x08005190                strtok_r
 .text          0x08005198       0x5c /usr/lib/gcc/arm-none-eabi/13.2.1/../../../arm-none-eabi/lib/thumb/v7-m/nofp/libc.a(libc_a-memcmp.o)
                0x08005198                memcmp
 .text          0x080051f4       0xec /usr/lib/gcc/arm-none-eabi/13.2.1/../../../arm-none-eabi/lib/thumb/v7-m/nofp/libc.a(libc_a-memcpy.o)
                0x080051f4                memcpy
 .text          0x080052e0       0x1c /usr/lib/gcc/arm-none-eabi/13.2.1/../../../arm-none-eabi/lib/thumb/v7-m/nofp/libc.a(libc_a-sysconf.o)
                0x080052e0                sysconf
 .text          0x080052fc        0x8 /usr/lib/gcc/arm-none-eabi/13.2.1/../../../arm-none-eabi/lib/thumb/v7-m/nofp/libc.a(libc_a-mlock.o)
                0x080052fc                __malloc_lock
                0x08005300                __malloc_unlock
 .text          0x08005304      0x224 /usr/lib/gcc/arm-none-eabi/13.2.1/../../../arm-none-eabi/lib/thumb/v7-m/nofp/libc.a(libc_a-findfp.o)
                0x08005434                __sfp
                0x080054d8                __sinit
                0x080054f8                __sfp_lock_acquire
                0x080054fc                __sfp_lock_release
                0x08005500                __fp_lock_all
                0x08005514                __fp_unlock_all
 .text          0x08005528       0x58 /usr/lib/gcc/arm-none-eabi/13.2.1/../../../arm-none-eabi/lib/thumb/v7-m/nofp/libc.a(libc_a-ssprint_r.o)
                0x08005528                __ssprint_r
 .text          0x08005580       0x5c /usr/lib/gcc/arm-none-eabi/13.2.1/../../../arm-none-eabi/lib/thumb/v7-m/nofp/libc.a(libc_a-strlen-stub.o)
                0x08005580                strlen
 .text          0x080055dc       0x24 /usr/lib/gcc/arm-none-eabi/13.2.1/../../../arm-none-eabi/lib/thumb/v7-m/nofp/libc.a(libc_a-sbrkr.o)
                0x080055dc                _sbrk_r
 .text          0x08005600       0xa0 /usr/lib/gcc/arm-none-eabi/13.2.1/../../../arm-none-eabi/lib/thumb/v7-m/nofp/libc.a(libc_a-memset.o)
                0x08005600                memset
 .text          0x080056a0       0x4c /usr/lib/gcc/arm-none-eabi/13.2.1/../../../arm-none-eabi/lib/thumb/v7-m/nofp/libc.a(libc_a-assert.o)
                0x080056a0                __assert_func
                0x080056e0                __assert
 .text          0x080056ec      0xa78 /usr/lib/gcc/arm-none-eabi/13.2.1/../../../arm-none-eabi/lib/thumb/v7-m/nofp/libc.a(libc_a-mprec.o)
                0x080056ec                _Balloc
                0x08005738                _Bfree
                0x0800574c                __multadd
                0x080057f0                __s2b
                0x080058a0                __hi0bits
                0x080058e4                __lo0bits
                0x08005940                __i2b
                0x0800599c                __multiply
                0x08005b00                __pow5mult
                0x08005bb4                __lshift
                0x08005ca0                __mcmp
                0x08005ce0                __mdiff
                0x08005e58                __ulp
                0x08005ea8                __b2d
                0x08005f5c                __d2b
                0x08006018                __ratio
                0x08006074                _mprec_log10
                0x080060ac                __copybits
                0x0800610c                __any_on
 .text          0x08006164       0x98 /usr/lib/gcc/arm-none-eabi/13.2.1/../../../arm-none-eabi/lib/thumb/v7-m/nofp/libc.a(libc_a-memchr-stub.o)
                0x08006164                memchr
 .text          0x080061fc       0x44 /usr/lib/gcc/arm-none-eabi/13.2.1/../../../arm-none-eabi/lib/thumb/v7-m/nofp/libc.a(libc_a-fwalk.o)
                0x080061fc                _fwalk_sglue
 .text          0x08006240       0x14 /usr/lib/gcc/arm-none-eabi/13.2.1/../../../arm-none-eabi/lib/thumb/v7-m/nofp/libc.a(libc_a-localeconv.o)
                0x08006240                __localeconv_l
                0x08006244                _localeconv_r
                0x0800624c                localeconv
 .text          0x08006254       0x40 /usr/lib/gcc/arm-none-eabi/13.2.1/../../../arm-none-eabi/lib/thumb/v7-m/nofp/libc.a(libc_a-mbtowc_r.o)
                0x08006254                _mbtowc_r
                0x08006268                __ascii_mbtowc
 .text          0x08006294       0x10 /usr/lib/gcc/arm-none-eabi/13.2.1/../../../arm-none-eabi/lib/thumb/v7-m/nofp/libc.a(libc_a-abort.o)
                0x08006294                abort
 .text          0x080062a4       0x6c /usr/lib/gcc/arm-none-eabi/13.2.1/../../../arm-none-eabi/lib/thumb/v7-m/nofp/libc.a(libc_a-callocr.o)
                0x080062a4                _calloc_r
 .text          0x08006310       0xc0 /usr/lib/gcc/arm-none-eabi/13.2.1/../../../arm-none-eabi/lib/thumb/v7-m/nofp/libc.a(libc_a-ssputs_r.o)
                0x08006310                __ssputs_r
 .text          0x080063d0       0x44 /usr/lib/gcc/arm-none-eabi/13.2.1/../../../arm-none-eabi/lib/thumb/v7-m/nofp/libc.a(libc_a-fiprintf.o)
                0x080063d0                _fiprintf_r
                0x080063ec                fiprintf
 .text          0x08006414       0x90 /usr/lib/gcc/arm-none-eabi/13.2.1/../../../arm-none-eabi/lib/thumb/v7-m/nofp/libc.a(libc_a-fclose.o)
                0x08006414                _fclose_r
                0x08006494                fclose
 .text          0x080064a4       0x30 /usr/lib/gcc/arm-none-eabi/13.2.1/../../../arm-none-eabi/lib/thumb/v7-m/nofp/libc.a(libc_a-wctomb_r.o)
                0x080064a4                _wctomb_r
                0x080064b8                __ascii_wctomb
 .text          0x080064d4       0x94 /usr/lib/gcc/arm-none-eabi/13.2.1/../../../arm-none-eabi/lib/thumb/v7-m/nofp/libc.a(libc_a-stdio.o)
                0x080064d4                __sread
                0x080064f8                __seofread
                0x080064fc                __swrite
                0x0800653c                __sseek
                0x08006560                __sclose
 .text          0x08006568      0x34c /usr/lib/gcc/arm-none-eabi/13.2.1/../../../arm-none-eabi/lib/thumb/v7-m/nofp/libc.a(libc_a-reallocr.o)
                0x08006568                _realloc_r
 .text          0x080068b4       0x2c /usr/lib/gcc/arm-none-eabi/13.2.1/../../../arm-none-eabi/lib/thumb/v7-m/nofp/libc.a(libc_a-writer.o)
                0x080068b4                _write_r
 .text          0x080068e0       0x24 /usr/lib/gcc/arm-none-eabi/13.2.1/../../../arm-none-eabi/lib/thumb/v7-m/nofp/libc.a(libc_a-closer.o)
                0x080068e0                _close_r
 .text          0x08006904      0x284 /usr/lib/gcc/arm-none-eabi/13.2.1/../../../arm-none-eabi/lib/thumb/v7-m/nofp/libc.a(libc_a-signal.o)
                0x08006904                _init_signal_r
                0x08006934                _signal_r
                0x08006984                _raise_r
                0x080069d8                __sigtramp_r
                0x08006a40                raise
                0x08006a98                signal
                0x08006ae8                _init_signal
                0x08006b20                __sigtramp
 .text          0x08006b88       0x2c /usr/lib/gcc/arm-none-eabi/13.2.1/../../../arm-none-eabi/lib/thumb/v7-m/nofp/libc.a(libc_a-signalr.o)
                0x08006b88                _kill_r
                0x08006bb0                _getpid_r
 .text          0x08006bb4      0x19c /usr/lib/gcc/arm-none-eabi/13.2.1/../../../arm-none-eabi/lib/thumb/v7-m/nofp/libc.a(libc_a-fflush.o)
                0x08006bb4                __sflush_r
                0x08006cdc                _fflush_r
                0x08006d08                fflush
 .text          0x08006d50       0xfc /usr/lib/gcc/arm-none-eabi/13.2.1/../../../arm-none-eabi/lib/thumb/v7-m/nofp/libc.a(libc_a-memmove.o)
                0x08006d50                memmove
 .text          0x08006e4c      0xb50 /usr/lib/gcc/arm-none-eabi/13.2.1/../../../arm-none-eabi/lib/thumb/v7-m/nofp/libc.a(libc_a-vfiprintf.o)
                0x08006e4c                _vfiprintf_r
                0x08007914                vfiprintf
 .text          0x0800799c       0x2c /usr/lib/gcc/arm-none-eabi/13.2.1/../../../arm-none-eabi/lib/thumb/v7-m/nofp/libc.a(libc_a-readr.o)
                0x0800799c                _read_r
 .text          0x080079c8       0xc4 /usr/lib/gcc/arm-none-eabi/13.2.1/../../../arm-none-eabi/lib/thumb/v7-m/nofp/libc.a(libc_a-wsetup.o)
                0x080079c8                __swsetup_r
 .text          0x08007a8c       0x2c /usr/lib/gcc/arm-none-eabi/13.2.1/../../../arm-none-eabi/lib/thumb/v7-m/nofp/libc.a(libc_a-lseekr.o)
                0x08007a8c                _lseek_r
 .text          0x08007ab8       0x20 /usr/lib/gcc/arm-none-eabi/13.2.1/../../../arm-none-eabi/lib/thumb/v7-m/nofp/libc.a(libc_a-sprint_r.o)
                0x08007ab8                __sprint_r
 .text          0x08007ad8      0x13c /usr/lib/gcc/arm-none-eabi/13.2.1/../../../arm-none-eabi/lib/thumb/v7-m/nofp/libc.a(libc_a-makebuf.o)
                0x08007ad8                __smakebuf_r
                0x08007bb4                __swhatbuf_r
 .text          0x08007c14       0x28 /usr/lib/gcc/arm-none-eabi/13.2.1/../../../arm-none-eabi/lib/thumb/v7-m/nofp/libc.a(libc_a-fstatr.o)
                0x08007c14                _fstat_r
 .text          0x08007c3c       0x24 /usr/lib/gcc/arm-none-eabi/13.2.1/../../../arm-none-eabi/lib/thumb/v7-m/nofp/libc.a(libc_a-isattyr.o)
                0x08007c3c                _isatty_r
 .text          0x08007c60      0x2ec /usr/lib/gcc/arm-none-eabi/13.2.1/../../../arm-none-eabi/lib/thumb/v7-m/nofp/libc.a(libc_a-fvwrite.o)
                0x08007c60                __sfvwrite_r
 .text          0x08007f4c      0x378 /usr/lib/gcc/arm-none-eabi/13.2.1/thumb/v7-m/nofp/libgcc.a(_arm_addsubdf3.o)
                0x08007f4c                __aeabi_drsub
                0x08007f54                __aeabi_dsub
                0x08007f54                __subdf3
                0x08007f58                __adddf3
                0x08007f58                __aeabi_dadd
                0x080081d0                __aeabi_ui2d
                0x080081d0                __floatunsidf
                0x080081f0                __floatsidf
                0x080081f0                __aeabi_i2d
                0x08008214                __extendsfdf2
                0x08008214                __aeabi_f2d
                0x08008258                __aeabi_ul2d
                0x08008258                __floatundidf
                0x08008268                __floatdidf
                0x08008268                __aeabi_l2d
 .text          0x080082c4      0x424 /usr/lib/gcc/arm-none-eabi/13.2.1/thumb/v7-m/nofp/libgcc.a(_arm_muldivdf3.o)
                0x080082c4                __aeabi_dmul
                0x080082c4                __muldf3
                0x08008518                __aeabi_ddiv
                0x08008518                __divdf3
 .text          0x080086e8      0x110 /usr/lib/gcc/arm-none-eabi/13.2.1/thumb/v7-m/nofp/libgcc.a(_arm_cmpdf2.o)
                0x080086e8                __gtdf2
                0x080086e8                __gedf2
                0x080086f0                __ltdf2
                0x080086f0                __ledf2
                0x080086f8                __cmpdf2
                0x080086f8                __eqdf2
                0x080086f8                __nedf2
                0x08008774                __aeabi_cdrcmple
                0x08008784                __aeabi_cdcmple
                0x08008784                __aeabi_cdcmpeq
                0x08008794                __aeabi_dcmpeq
                0x080087a8                __aeabi_dcmplt
                0x080087bc                __aeabi_dcmple
                0x080087d0                __aeabi_dcmpge
                0x080087e4                __aeabi_dcmpgt
 .text          0x080087f8       0x2c /usr/lib/gcc/arm-none-eabi/13.2.1/thumb/v7-m/nofp/libgcc.a(_arm_unorddf2.o)
                0x080087f8                __aeabi_dcmpun
                0x080087f8                __unorddf2
 .text          0x08008824       0x50 /usr/lib/gcc/arm-none-eabi/13.2.1/thumb/v7-m/nofp/libgcc.a(_arm_fixdfsi.o)
                0x08008824                __fixdfsi
                0x08008824                __aeabi_d2iz
                0x08008874                        . = ALIGN (0x4)
 *(.rodata*)
 .rodata.str1.1
                0x08008874      0x227 build/src/usb_cdc.o
                                 0x24 (size before relaxing)
 *fill*         0x08008a9b        0x1 
 .rodata.usb_strings
                0x08008a9c        0xc build/src/usb_cdc.o
 .rodata.config_descr
                0x08008aa8        0xd build/src/usb_cdc.o
 *fill*         0x08008ab5        0x3 
 .rodata.ifaces
                0x08008ab8       0x20 build/src/usb_cdc.o
 .rodata.data_iface
                0x08008ad8       0x15 build/src/usb_cdc.o
 .rodata.comm_iface
                0x08008aed       0x15 build/src/usb_cdc.o
 .rodata.cdcacm_functional_descriptors
                0x08008b02       0x13 build/src/usb_cdc.o
 .rodata.data_endp
                0x08008b15       0x1e build/src/usb_cdc.o
 .rodata.comm_endp
                0x08008b33        0xf build/src/usb_cdc.o
 .rodata.dev_descr
                0x08008b42       0x12 build/src/usb_cdc.o
 .rodata.handle_verify.str1.1
                0x08008b54       0x74 build/src/protocol.o
 .rodata.handle_read.str1.1
                0x08008b54       0x4f build/src/protocol.o
 .rodata.protocol_task.str1.1
                0x08008b54      0x141 build/src/protocol.o
 .rodata.rcc_hse_configs
                0x08008b54       0x8c libopencm3/lib/libopencm3_stm32f1.a(rcc.o)
                0x08008b54                rcc_hse_configs
 .rodata.microsoft_os_descriptor_platform_capability_id
                0x08008be0       0x10 libopencm3/lib/libopencm3_stm32f1.a(usb_standard.o)
 .rodata.st_usbfs_v1_usb_driver
                0x08008bf0       0x38 libopencm3/lib/libopencm3_stm32f1.a(st_usbfs_v1.o)
                0x08008bf0                st_usbfs_v1_usb_driver
 .rodata.str1.4
                0x08008c28      0x112 /usr/lib/gcc/arm-none-eabi/13.2.1/../../../arm-none-eabi/lib/thumb/v7-m/nofp/libc.a(libc_a-svfprintf.o)
                                 0x42 (size before relaxing)
 *fill*         0x08008d3a        0x2 
 .rodata        0x08008d3c       0x20 /usr/lib/gcc/arm-none-eabi/13.2.1/../../../arm-none-eabi/lib/thumb/v7-m/nofp/libc.a(libc_a-svfprintf.o)
 .rodata.str1.4
                0x08008d5c       0x54 /usr/lib/gcc/arm-none-eabi/13.2.1/../../../arm-none-eabi/lib/thumb/v7-m/nofp/libc.a(libc_a-dtoa.o)
 .rodata        0x08008d5c      0x101 /usr/lib/gcc/arm-none-eabi/13.2.1/../../../arm-none-eabi/lib/thumb/v7-m/nofp/libc.a(libc_a-ctype_.o)
                0x08008d5c                _ctype_
 .rodata.str1.4
                0x08008e5d       0x43 /usr/lib/gcc/arm-none-eabi/13.2.1/../../../arm-none-eabi/lib/thumb/v7-m/nofp/libc.a(libc_a-assert.o)
 .rodata.str1.4
                0x08008e5d       0x41 /usr/lib/gcc/arm-none-eabi/13.2.1/../../../arm-none-eabi/lib/thumb/v7-m/nofp/libc.a(libc_a-mprec.o)
 *fill*         0x08008e5d        0x3 
 .rodata        0x08008e60      0x128 /usr/lib/gcc/arm-none-eabi/13.2.1/../../../arm-none-eabi/lib/thumb/v7-m/nofp/libc.a(libc_a-mprec.o)
                0x08008e70                __mprec_tens
                0x08008f38                __mprec_tinytens
                0x08008f60                __mprec_bigtens
 .rodata.str1.4
                0x08008f88       0x12 /usr/lib/gcc/arm-none-eabi/13.2.1/../../../arm-none-eabi/lib/thumb/v7-m/nofp/libc.a(libc_a-locale.o)
 .rodata.str1.4
                0x08008f88       0x2f /usr/lib/gcc/arm-none-eabi/13.2.1/../../../arm-none-eabi/lib/thumb/v7-m/nofp/libc.a(libc_a-vfiprintf.o)
 .rodata        0x08008f88       0x20 /usr/lib/gcc/arm-none-eabi/13.2.1/../../../arm-none-eabi/lib/thumb/v7-m/nofp/libc.a(libc_a-vfiprintf.o)
                0x08008fb8                        . = ALIGN (0x4)

.glue_7         0x08008fa8        0x0
 .glue_7        0x08008fa8        0x0 linker stubs

.glue_7t        0x08008fa8        0x0
 .glue_7t       0x08008fa8        0x0 linker stubs

.vfp11_veneer   0x08008fa8        0x0
 .vfp11_veneer  0x08008fa8        0x0 linker stubs

.v4_bx          0x08008fa8        0x0
 .v4_bx         0x08008fa8        0x0 linker stubs

.iplt           0x08008fa8        0x0
 .iplt          0x08008fa8        0x0 build/src/main.o

.preinit_array  0x08008fa8        0x0
                0x08008fa8                        . = ALIGN (0x4)
                0x08008fa8                        __preinit_array_start = .
 *(.preinit_array)
                0x08008fa8                        __preinit_array_end = .

.init_array     0x08008fa8        0x0
                0x08008fa8                        . = ALIGN (0x4)
                0x08008fa8                        __init_array_start = .
 *(SORT_BY_NAME(.init_array.*))
 *(.init_array)
                0x08008fa8                        __init_array_end = .

.fini_array     0x08008fa8        0x0
                0x08008fa8                        . = ALIGN (0x4)
                0x08008fa8                        __fini_array_start = .
 *(.fini_array)
 *(SORT_BY_NAME(.fini_array.*))
                0x08008fa8                        __fini_array_end = .

.ARM.extab
 *(.ARM.extab*)

.ARM.exidx      0x08008fa8        0x8
                0x08008fa8                        __exidx_start = .
 *(.ARM.exidx*)
 .ARM.exidx     0x08008fa8        0x8 /usr/lib/gcc/arm-none-eabi/13.2.1/../../../arm-none-eabi/lib/thumb/v7-m/nofp/libc.a(libc_a-strcmp.o)
 .ARM.exidx     0x08008fb0        0x0 /usr/lib/gcc/arm-none-eabi/13.2.1/../../../arm-none-eabi/lib/thumb/v7-m/nofp/libc.a(libc_a-memcpy.o)
                                  0x8 (size before relaxing)
                0x08008fb0                        __exidx_end = .

.rel.dyn        0x08008fb0        0x0
 .rel.iplt      0x08008fb0        0x0 build/src/main.o
                0x08008fb0                        . = ALIGN (0x4)
                0x08008fb0                        _etext = .

.noinit
 *(.noinit*)
                0x08008fb0                        . = ALIGN (0x4)

.data           0x20000000      0x6c0 load address 0x08008fb0
                0x20000000                        _data = .
 *(.data*)
 .data.rcc_ahb_frequency
                0x20000000        0x4 libopencm3/lib/libopencm3_stm32f1.a(rcc.o)
                0x20000000                rcc_ahb_frequency
 .data.rcc_apb2_frequency
                0x20000004        0x4 libopencm3/lib/libopencm3_stm32f1.a(rcc.o)
                0x20000004                rcc_apb2_frequency
 .data.rcc_apb1_frequency
                0x20000008        0x4 libopencm3/lib/libopencm3_stm32f1.a(rcc.o)
                0x20000008                rcc_apb1_frequency
 *fill*         0x2000000c        0x4 
 .data          0x20000010      0x128 /usr/lib/gcc/arm-none-eabi/13.2.1/../../../arm-none-eabi/lib/thumb/v7-m/nofp/libc.a(libc_a-impure.o)
                0x20000010                _impure_ptr
                0x20000018                _impure_data
 .data          0x20000138      0x410 /usr/lib/gcc/arm-none-eabi/13.2.1/../../../arm-none-eabi/lib/thumb/v7-m/nofp/libc.a(libc_a-mallocr.o)
                0x20000138                __malloc_av_
                0x20000540                __malloc_sbrk_base
                0x20000544                __malloc_trim_threshold
 .data          0x20000548        0xc /usr/lib/gcc/arm-none-eabi/13.2.1/../../../arm-none-eabi/lib/thumb/v7-m/nofp/libc.a(libc_a-findfp.o)
                0x20000548                __sglue
 .data          0x20000554      0x16c /usr/lib/gcc/arm-none-eabi/13.2.1/../../../arm-none-eabi/lib/thumb/v7-m/nofp/libc.a(libc_a-locale.o)
                0x20000554                __global_locale
 *(.ramtext*)
                0x200006c0                        . = ALIGN (0x4)
                0x200006c0                        _edata = .
                0x08008fb0                        _data_loadaddr = LOADADDR (.data)

.igot.plt       0x200006c0        0x0 load address 0x08009670
 .igot.plt      0x200006c0        0x0 build/src/main.o

.bss            0x200006c0      0xca8 load address 0x08009670
 *(.bss*)
 .bss.system_millis
                0x200006c0        0x4 build/src/main.o
 .bss.usbd_control_buffer
                0x200006c4       0x80 build/src/usb_cdc.o
 .bss.usbdev    0x20000744        0x4 build/src/usb_cdc.o
 .bss.write_failed
                0x20000748        0x4 build/src/protocol.o
 .bss.write_buf_len
                0x2000074c        0x2 build/src/protocol.o
 .bss.write_buf
                0x2000074e      0x100 build/src/protocol.o
 *fill*         0x2000084e        0x2 
 .bss.write_crc
                0x20000850        0x4 build/src/protocol.o
 .bss.write_crc_expected
                0x20000854        0x4 build/src/protocol.o
 .bss.write_received
                0x20000858        0x4 build/src/protocol.o
 .bss.write_len
                0x2000085c        0x4 build/src/protocol.o
 .bss.write_addr
                0x20000860        0x4 build/src/protocol.o
 .bss.line_len  0x20000864        0x2 build/src/protocol.o
 .bss.line_buf  0x20000866       0x60 build/src/protocol.o
 .bss.mode      0x200008c6        0x1 build/src/protocol.o
 *fill*         0x200008c7        0x1 
 .bss.rx_tail   0x200008c8        0x2 build/src/protocol.o
 .bss.rx_head   0x200008ca        0x2 build/src/protocol.o
 .bss.rx_ring   0x200008cc      0x800 build/src/protocol.o
 .bss.info      0x200010cc        0x8 build/src/w25qxx.o
 .bss.heap_end.0
                0x200010d4        0x4 build/src/syscalls.o
 .bss.st_usbfs_dev
                0x200010d8      0x114 libopencm3/lib/libopencm3_stm32f1.a(st_usbfs_core.o)
                0x200010d8                st_usbfs_dev
 .bss.st_usbfs_force_nak
                0x200011ec        0x8 libopencm3/lib/libopencm3_stm32f1.a(st_usbfs_core.o)
                0x200011ec                st_usbfs_force_nak
 .bss           0x200011f4       0x34 /usr/lib/gcc/arm-none-eabi/13.2.1/../../../arm-none-eabi/lib/thumb/v7-m/nofp/libc.a(libc_a-mallocr.o)
                0x200011f4                __malloc_top_pad
                0x200011f8                __malloc_current_mallinfo
                0x20001220                __malloc_max_sbrked_mem
                0x20001224                __malloc_max_total_mem
 .bss           0x20001228      0x13c /usr/lib/gcc/arm-none-eabi/13.2.1/../../../arm-none-eabi/lib/thumb/v7-m/nofp/libc.a(libc_a-findfp.o)
                0x20001228                __sf
                0x20001360                __stdio_exit_handler
 .bss           0x20001364        0x4 /usr/lib/gcc/arm-none-eabi/13.2.1/../../../arm-none-eabi/lib/thumb/v7-m/nofp/libc.a(libc_a-reent.o)
                0x20001364                errno
 *(COMMON)
                0x20001368                        . = ALIGN (0x4)
                0x20001368                        _ebss = .

/DISCARD/
 *(.eh_frame)
                0x20001368                        . = ALIGN (0x4)
                0x20001368                        end = .
                0x20005000                        PROVIDE (_stack = (ORIGIN (ram) + LENGTH (ram)))
OUTPUT(build/spi_flasher.elf elf32-littlearm)
LOAD linker stubs

.debug_info     0x00000000    0x28fcf
 .debug_info    0x00000000      0x3c0 build/src/main.o
 .debug_info    0x000003c0      0xf9d build/src/usb_cdc.o
 .debug_info    0x0000135d     0x118e build/src/protocol.o
 .debug_info    0x000024eb     0x1014 build/src/w25qxx.o
 .debug_info    0x000034ff      0x53d build/src/syscalls.o
 .debug_info    0x00003a3c      0x1d1 libopencm3/lib/libopencm3_stm32f1.a(gpio.o)
 .debug_info    0x00003c0d      0x23a libopencm3/lib/libopencm3_stm32f1.a(gpio_common_all.o)
 .debug_info    0x00003e47     0x14b6 libopencm3/lib/libopencm3_stm32f1.a(rcc.o)
 .debug_info    0x000052fd      0x5e6 libopencm3/lib/libopencm3_stm32f1.a(rcc_common_all.o)
 .debug_info    0x000058e3      0x792 libopencm3/lib/libopencm3_stm32f1.a(spi_common_all.o)
 .debug_info    0x00006075      0x149 libopencm3/lib/libopencm3_stm32f1.a(spi_common_v1.o)
 .debug_info    0x000061be     0x114e libopencm3/lib/libopencm3_stm32f1.a(usb.o)
 .debug_info    0x0000730c     0x114f libopencm3/lib/libopencm3_stm32f1.a(usb_control.o)
 .debug_info    0x0000845b     0x1af9 libopencm3/lib/libopencm3_stm32f1.a(usb_standard.o)
 .debug_info    0x00009f54      0xf62 libopencm3/lib/libopencm3_stm32f1.a(st_usbfs_v1.o)
 .debug_info    0x0000aeb6      0x2b8 libopencm3/lib/libopencm3_stm32f1.a(vector.o)
 .debug_info    0x0000b16e      0x275 libopencm3/lib/libopencm3_stm32f1.a(systick.o)
 .debug_info    0x0000b3e3       0xea libopencm3/lib/libopencm3_stm32f1.a(flash_common_all.o)
 .debug_info    0x0000b4cd     0x10f8 libopencm3/lib/libopencm3_stm32f1.a(st_usbfs_core.o)
 .debug_info    0x0000c5c5      0x978 /usr/lib/gcc/arm-none-eabi/13.2.1/../../../arm-none-eabi/lib/thumb/v7-m/nofp/libc.a(libc_a-vsnprintf.o)
 .debug_info    0x0000cf3d      0x7a2 /usr/lib/gcc/arm-none-eabi/13.2.1/../../../arm-none-eabi/lib/thumb/v7-m/nofp/libc.a(libc_a-strtok.o)
 .debug_info    0x0000d6df     0x178b /usr/lib/gcc/arm-none-eabi/13.2.1/../../../arm-none-eabi/lib/thumb/v7-m/nofp/libc.a(libc_a-svfprintf.o)
 .debug_info    0x0000ee6a       0x33 /usr/lib/gcc/arm-none-eabi/13.2.1/../../../arm-none-eabi/lib/thumb/v7-m/nofp/libc.a(libc_a-strcmp.o)
 .debug_info    0x0000ee9d      0xcf7 /usr/lib/gcc/arm-none-eabi/13.2.1/../../../arm-none-eabi/lib/thumb/v7-m/nofp/libc.a(libc_a-strtoul.o)
 .debug_info    0x0000fb94      0x70f /usr/lib/gcc/arm-none-eabi/13.2.1/../../../arm-none-eabi/lib/thumb/v7-m/nofp/libc.a(libc_a-errno.o)
 .debug_info    0x000102a3      0x729 /usr/lib/gcc/arm-none-eabi/13.2.1/../../../arm-none-eabi/lib/thumb/v7-m/nofp/libc.a(libc_a-impure.o)
 .debug_info    0x000109cc      0xcd9 /usr/lib/gcc/arm-none-eabi/13.2.1/../../../arm-none-eabi/lib/thumb/v7-m/nofp/libc.a(libc_a-mallocr.o)
 .debug_info    0x000116a5     0x18d8 /usr/lib/gcc/arm-none-eabi/13.2.1/../../../arm-none-eabi/lib/thumb/v7-m/nofp/libc.a(libc_a-dtoa.o)
 .debug_info    0x00012f7d      0xb55 /usr/lib/gcc/arm-none-eabi/13.2.1/../../../arm-none-eabi/lib/thumb/v7-m/nofp/libc.a(libc_a-freer.o)
 .debug_info    0x00013ad2      0x1ab /usr/lib/gcc/arm-none-eabi/13.2.1/../../../arm-none-eabi/lib/thumb/v7-m/nofp/libc.a(libc_a-strtok_r.o)
 .debug_info    0x00013c7d      0x12b /usr/lib/gcc/arm-none-eabi/13.2.1/../../../arm-none-eabi/lib/thumb/v7-m/nofp/libc.a(libc_a-memcmp.o)
 .debug_info    0x00013da8       0x33 /usr/lib/gcc/arm-none-eabi/13.2.1/../../../arm-none-eabi/lib/thumb/v7-m/nofp/libc.a(libc_a-memcpy.o)
 .debug_info    0x00013ddb       0xc1 /usr/lib/gcc/arm-none-eabi/13.2.1/../../../arm-none-eabi/lib/thumb/v7-m/nofp/libc.a(libc_a-sysconf.o)
 .debug_info    0x00013e9c      0x73a /usr/lib/gcc/arm-none-eabi/13.2.1/../../../arm-none-eabi/lib/thumb/v7-m/nofp/libc.a(libc_a-mlock.o)
 .debug_info    0x000145d6      0xea8 /usr/lib/gcc/arm-none-eabi/13.2.1/../../../arm-none-eabi/lib/thumb/v7-m/nofp/libc.a(libc_a-findfp.o)
 .debug_info    0x0001547e       0xb9 /usr/lib/gcc/arm-none-eabi/13.2.1/../../../arm-none-eabi/lib/thumb/v7-m/nofp/libc.a(libc_a-ctype_.o)
 .debug_info    0x00015537      0x840 /usr/lib/gcc/arm-none-eabi/13.2.1/../../../arm-none-eabi/lib/thumb/v7-m/nofp/libc.a(libc_a-ssprint_r.o)
 .debug_info    0x00015d77       0xbd /usr/lib/gcc/arm-none-eabi/13.2.1/../../../arm-none-eabi/lib/thumb/v7-m/nofp/libc.a(libc_a-strlen-stub.o)
 .debug_info    0x00015e34      0x796 /usr/lib/gcc/arm-none-eabi/13.2.1/../../../arm-none-eabi/lib/thumb/v7-m/nofp/libc.a(libc_a-sbrkr.o)
 .debug_info    0x000165ca      0x135 /usr/lib/gcc/arm-none-eabi/13.2.1/../../../arm-none-eabi/lib/thumb/v7-m/nofp/libc.a(libc_a-memset.o)
 .debug_info    0x000166ff      0x843 /usr/lib/gcc/arm-none-eabi/13.2.1/../../../arm-none-eabi/lib/thumb/v7-m/nofp/libc.a(libc_a-assert.o)
 .debug_info    0x00016f42     0x1e35 /usr/lib/gcc/arm-none-eabi/13.2.1/../../../arm-none-eabi/lib/thumb/v7-m/nofp/libc.a(libc_a-mprec.o)
 .debug_info    0x00018d77      0x14a /usr/lib/gcc/arm-none-eabi/13.2.1/../../../arm-none-eabi/lib/thumb/v7-m/nofp/libc.a(libc_a-memchr-stub.o)
 .debug_info    0x00018ec1      0x7e4 /usr/lib/gcc/arm-none-eabi/13.2.1/../../../arm-none-eabi/lib/thumb/v7-m/nofp/libc.a(libc_a-fwalk.o)
 .debug_info    0x000196a5      0xa2c /usr/lib/gcc/arm-none-eabi/13.2.1/../../../arm-none-eabi/lib/thumb/v7-m/nofp/libc.a(libc_a-localeconv.o)
 .debug_info    0x0001a0d1      0xbd7 /usr/lib/gcc/arm-none-eabi/13.2.1/../../../arm-none-eabi/lib/thumb/v7-m/nofp/libc.a(libc_a-locale.o)
 .debug_info    0x0001aca8      0xace /usr/lib/gcc/arm-none-eabi/13.2.1/../../../arm-none-eabi/lib/thumb/v7-m/nofp/libc.a(libc_a-mbtowc_r.o)
 .debug_info    0x0001b776       0xd8 /usr/lib/gcc/arm-none-eabi/13.2.1/../../../arm-none-eabi/lib/thumb/v7-m/nofp/libc.a(libc_a-abort.o)
 .debug_info    0x0001b84e      0x8d9 /usr/lib/gcc/arm-none-eabi/13.2.1/../../../arm-none-eabi/lib/thumb/v7-m/nofp/libc.a(libc_a-callocr.o)
 .debug_info    0x0001c127      0x8c2 /usr/lib/gcc/arm-none-eabi/13.2.1/../../../arm-none-eabi/lib/thumb/v7-m/nofp/libc.a(libc_a-ssputs_r.o)
 .debug_info    0x0001c9e9      0x872 /usr/lib/gcc/arm-none-eabi/13.2.1/../../../arm-none-eabi/lib/thumb/v7-m/nofp/libc.a(libc_a-fiprintf.o)
 .debug_info    0x0001d25b      0x8e6 /usr/lib/gcc/arm-none-eabi/13.2.1/../../../arm-none-eabi/lib/thumb/v7-m/nofp/libc.a(libc_a-fclose.o)
 .debug_info    0x0001db41      0xa8e /usr/lib/gcc/arm-none-eabi/13.2.1/../../../arm-none-eabi/lib/thumb/v7-m/nofp/libc.a(libc_a-wctomb_r.o)
 .debug_info    0x0001e5cf      0xa9e /usr/lib/gcc/arm-none-eabi/13.2.1/../../../arm-none-eabi/lib/thumb/v7-m/nofp/libc.a(libc_a-stdio.o)
 .debug_info    0x0001f06d      0x831 /usr/lib/gcc/arm-none-eabi/13.2.1/../../../arm-none-eabi/lib/thumb/v7-m/nofp/libc.a(libc_a-reent.o)
 .debug_info    0x0001f89e      0xbc9 /usr/lib/gcc/arm-none-eabi/13.2.1/../../../arm-none-eabi/lib/thumb/v7-m/nofp/libc.a(libc_a-reallocr.o)
 .debug_info    0x00020467      0x7d9 /usr/lib/gcc/arm-none-eabi/13.2.1/../../../arm-none-eabi/lib/thumb/v7-m/nofp/libc.a(libc_a-writer.o)
 .debug_info    0x00020c40      0x770 /usr/lib/gcc/arm-none-eabi/13.2.1/../../../arm-none-eabi/lib/thumb/v7-m/nofp/libc.a(libc_a-closer.o)
 .debug_info    0x000213b0      0xc57 /usr/lib/gcc/arm-none-eabi/13.2.1/../../../arm-none-eabi/lib/thumb/v7-m/nofp/libc.a(libc_a-signal.o)
 .debug_info    0x00022007      0x7fd /usr/lib/gcc/arm-none-eabi/13.2.1/../../../arm-none-eabi/lib/thumb/v7-m/nofp/libc.a(libc_a-signalr.o)
 .debug_info    0x00022804      0xa4c /usr/lib/gcc/arm-none-eabi/13.2.1/../../../arm-none-eabi/lib/thumb/v7-m/nofp/libc.a(libc_a-fflush.o)
 .debug_info    0x00023250      0x148 /usr/lib/gcc/arm-none-eabi/13.2.1/../../../arm-none-eabi/lib/thumb/v7-m/nofp/libc.a(libc_a-memmove.o)
 .debug_info    0x00023398     0x1210 /usr/lib/gcc/arm-none-eabi/13.2.1/../../../arm-none-eabi/lib/thumb/v7-m/nofp/libc.a(libc_a-vfiprintf.o)
 .debug_info    0x000245a8      0x7d3 /usr/lib/gcc/arm-none-eabi/13.2.1/../../../arm-none-eabi/lib/thumb/v7-m/nofp/libc.a(libc_a-readr.o)
 .debug_info    0x00024d7b      0x7cf /usr/lib/gcc/arm-none-eabi/13.2.1/../../../arm-none-eabi/lib/thumb/v7-m/nofp/libc.a(libc_a-wsetup.o)
 .debug_info    0x0002554a      0x7bc /usr/lib/gcc/arm-none-eabi/13.2.1/../../../arm-none-eabi/lib/thumb/v7-m/nofp/libc.a(libc_a-lseekr.o)
 .debug_info    0x00025d06      0x7ff /usr/lib/gcc/arm-none-eabi/13.2.1/../../../arm-none-eabi/lib/thumb/v7-m/nofp/libc.a(libc_a-sprint_r.o)
 .debug_info    0x00026505      0xc08 /usr/lib/gcc/arm-none-eabi/13.2.1/../../../arm-none-eabi/lib/thumb/v7-m/nofp/libc.a(libc_a-makebuf.o)
 .debug_info    0x0002710d      0x995 /usr/lib/gcc/arm-none-eabi/13.2.1/../../../arm-none-eabi/lib/thumb/v7-m/nofp/libc.a(libc_a-fstatr.o)
 .debug_info    0x00027aa2      0x770 /usr/lib/gcc/arm-none-eabi/13.2.1/../../../arm-none-eabi/lib/thumb/v7-m/nofp/libc.a(libc_a-isattyr.o)
 .debug_info    0x00028212      0xb3c /usr/lib/gcc/arm-none-eabi/13.2.1/../../../arm-none-eabi/lib/thumb/v7-m/nofp/libc.a(libc_a-fvwrite.o)
 .debug_info    0x00028d4e       0xd3 /usr/lib/gcc/arm-none-eabi/13.2.1/thumb/v7-m/nofp/libgcc.a(_arm_addsubdf3.o)
 .debug_info    0x00028e21       0x57 /usr/lib/gcc/arm-none-eabi/13.2.1/thumb/v7-m/nofp/libgcc.a(_arm_muldivdf3.o)
 .debug_info    0x00028e78       0xdf /usr/lib/gcc/arm-none-eabi/13.2.1/thumb/v7-m/nofp/libgcc.a(_arm_cmpdf2.o)
 .debug_info    0x00028f57       0x3c /usr/lib/gcc/arm-none-eabi/13.2.1/thumb/v7-m/nofp/libgcc.a(_arm_unorddf2.o)
 .debug_info    0x00028f93       0x3c /usr/lib/gcc/arm-none-eabi/13.2.1/thumb/v7-m/nofp/libgcc.a(_arm_fixdfsi.o)

.debug_abbrev   0x00000000     0x9880
 .debug_abbrev  0x00000000      0x20a build/src/main.o
 .debug_abbrev  0x0000020a      0x305 build/src/usb_cdc.o
 .debug_abbrev  0x0000050f      0x3f3 build/src/protocol.o
 .debug_abbrev  0x00000902      0x348 build/src/w25qxx.o
 .debug_abbrev  0x00000c4a      0x189 build/src/syscalls.o
 .debug_abbrev  0x00000dd3       0xd3 libopencm3/lib/libopencm3_stm32f1.a(gpio.o)
 .debug_abbrev  0x00000ea6      0x117 libopencm3/lib/libopencm3_stm32f1.a(gpio_common_all.o)
 .debug_abbrev  0x00000fbd      0x2bf libopencm3/lib/libopencm3_stm32f1.a(rcc.o)
 .debug_abbrev  0x0000127c      0x186 libopencm3/lib/libopencm3_stm32f1.a(rcc_common_all.o)
 .debug_abbrev  0x00001402      0x1a1 libopencm3/lib/libopencm3_stm32f1.a(spi_common_all.o)
 .debug_abbrev  0x000015a3       0xd3 libopencm3/lib/libopencm3_stm32f1.a(spi_common_v1.o)
 .debug_abbrev  0x00001676      0x2ac libopencm3/lib/libopencm3_stm32f1.a(usb.o)
 .debug_abbrev  0x00001922      0x3ea libopencm3/lib/libopencm3_stm32f1.a(usb_control.o)
 .debug_abbrev  0x00001d0c      0x4f9 libopencm3/lib/libopencm3_stm32f1.a(usb_standard.o)
 .debug_abbrev  0x00002205      0x2a1 libopencm3/lib/libopencm3_stm32f1.a(st_usbfs_v1.o)
 .debug_abbrev  0x000024a6      0x149 libopencm3/lib/libopencm3_stm32f1.a(vector.o)
 .debug_abbrev  0x000025ef      0x14f libopencm3/lib/libopencm3_stm32f1.a(systick.o)
 .debug_abbrev  0x0000273e       0x9d libopencm3/lib/libopencm3_stm32f1.a(flash_common_all.o)
 .debug_abbrev  0x000027db      0x31d libopencm3/lib/libopencm3_stm32f1.a(st_usbfs_core.o)
 .debug_abbrev  0x00002af8      0x2bd /usr/lib/gcc/arm-none-eabi/13.2.1/../../../arm-none-eabi/lib/thumb/v7-m/nofp/libc.a(libc_a-vsnprintf.o)
 .debug_abbrev  0x00002db5      0x209 /usr/lib/gcc/arm-none-eabi/13.2.1/../../../arm-none-eabi/lib/thumb/v7-m/nofp/libc.a(libc_a-strtok.o)
 .debug_abbrev  0x00002fbe      0x402 /usr/lib/gcc/arm-none-eabi/13.2.1/../../../arm-none-eabi/lib/thumb/v7-m/nofp/libc.a(libc_a-svfprintf.o)
 .debug_abbrev  0x000033c0       0x28 /usr/lib/gcc/arm-none-eabi/13.2.1/../../../arm-none-eabi/lib/thumb/v7-m/nofp/libc.a(libc_a-strcmp.o)
 .debug_abbrev  0x000033e8      0x2f3 /usr/lib/gcc/arm-none-eabi/13.2.1/../../../arm-none-eabi/lib/thumb/v7-m/nofp/libc.a(libc_a-strtoul.o)
 .debug_abbrev  0x000036db      0x19a /usr/lib/gcc/arm-none-eabi/13.2.1/../../../arm-none-eabi/lib/thumb/v7-m/nofp/libc.a(libc_a-errno.o)
 .debug_abbrev  0x00003875      0x185 /usr/lib/gcc/arm-none-eabi/13.2.1/../../../arm-none-eabi/lib/thumb/v7-m/nofp/libc.a(libc_a-impure.o)
 .debug_abbrev  0x000039fa      0x2d7 /usr/lib/gcc/arm-none-eabi/13.2.1/../../../arm-none-eabi/lib/thumb/v7-m/nofp/libc.a(libc_a-mallocr.o)
 .debug_abbrev  0x00003cd1      0x364 /usr/lib/gcc/arm-none-eabi/13.2.1/../../../arm-none-eabi/lib/thumb/v7-m/nofp/libc.a(libc_a-dtoa.o)
 .debug_abbrev  0x00004035      0x27f /usr/lib/gcc/arm-none-eabi/13.2.1/../../../arm-none-eabi/lib/thumb/v7-m/nofp/libc.a(libc_a-freer.o)
 .debug_abbrev  0x000042b4      0x110 /usr/lib/gcc/arm-none-eabi/13.2.1/../../../arm-none-eabi/lib/thumb/v7-m/nofp/libc.a(libc_a-strtok_r.o)
 .debug_abbrev  0x000043c4       0x90 /usr/lib/gcc/arm-none-eabi/13.2.1/../../../arm-none-eabi/lib/thumb/v7-m/nofp/libc.a(libc_a-memcmp.o)
 .debug_abbrev  0x00004454       0x28 /usr/lib/gcc/arm-none-eabi/13.2.1/../../../arm-none-eabi/lib/thumb/v7-m/nofp/libc.a(libc_a-memcpy.o)
 .debug_abbrev  0x0000447c       0x80 /usr/lib/gcc/arm-none-eabi/13.2.1/../../../arm-none-eabi/lib/thumb/v7-m/nofp/libc.a(libc_a-sysconf.o)
 .debug_abbrev  0x000044fc      0x1ce /usr/lib/gcc/arm-none-eabi/13.2.1/../../../arm-none-eabi/lib/thumb/v7-m/nofp/libc.a(libc_a-mlock.o)
 .debug_abbrev  0x000046ca      0x446 /usr/lib/gcc/arm-none-eabi/13.2.1/../../../arm-none-eabi/lib/thumb/v7-m/nofp/libc.a(libc_a-findfp.o)
 .debug_abbrev  0x00004b10       0x62 /usr/lib/gcc/arm-none-eabi/13.2.1/../../../arm-none-eabi/lib/thumb/v7-m/nofp/libc.a(libc_a-ctype_.o)
 .debug_abbrev  0x00004b72      0x1e0 /usr/lib/gcc/arm-none-eabi/13.2.1/../../../arm-none-eabi/lib/thumb/v7-m/nofp/libc.a(libc_a-ssprint_r.o)
 .debug_abbrev  0x00004d52       0x78 /usr/lib/gcc/arm-none-eabi/13.2.1/../../../arm-none-eabi/lib/thumb/v7-m/nofp/libc.a(libc_a-strlen-stub.o)
 .debug_abbrev  0x00004dca      0x216 /usr/lib/gcc/arm-none-eabi/13.2.1/../../../arm-none-eabi/lib/thumb/v7-m/nofp/libc.a(libc_a-sbrkr.o)
 .debug_abbrev  0x00004fe0       0xb7 /usr/lib/gcc/arm-none-eabi/13.2.1/../../../arm-none-eabi/lib/thumb/v7-m/nofp/libc.a(libc_a-memset.o)
 .debug_abbrev  0x00005097      0x226 /usr/lib/gcc/arm-none-eabi/13.2.1/../../../arm-none-eabi/lib/thumb/v7-m/nofp/libc.a(libc_a-assert.o)
 .debug_abbrev  0x000052bd      0x502 /usr/lib/gcc/arm-none-eabi/13.2.1/../../../arm-none-eabi/lib/thumb/v7-m/nofp/libc.a(libc_a-mprec.o)
 .debug_abbrev  0x000057bf       0xc7 /usr/lib/gcc/arm-none-eabi/13.2.1/../../../arm-none-eabi/lib/thumb/v7-m/nofp/libc.a(libc_a-memchr-stub.o)
 .debug_abbrev  0x00005886      0x1d9 /usr/lib/gcc/arm-none-eabi/13.2.1/../../../arm-none-eabi/lib/thumb/v7-m/nofp/libc.a(libc_a-fwalk.o)
 .debug_abbrev  0x00005a5f      0x26a /usr/lib/gcc/arm-none-eabi/13.2.1/../../../arm-none-eabi/lib/thumb/v7-m/nofp/libc.a(libc_a-localeconv.o)
 .debug_abbrev  0x00005cc9      0x2d9 /usr/lib/gcc/arm-none-eabi/13.2.1/../../../arm-none-eabi/lib/thumb/v7-m/nofp/libc.a(libc_a-locale.o)
 .debug_abbrev  0x00005fa2      0x244 /usr/lib/gcc/arm-none-eabi/13.2.1/../../../arm-none-eabi/lib/thumb/v7-m/nofp/libc.a(libc_a-mbtowc_r.o)
 .debug_abbrev  0x000061e6       0x99 /usr/lib/gcc/arm-none-eabi/13.2.1/../../../arm-none-eabi/lib/thumb/v7-m/nofp/libc.a(libc_a-abort.o)
 .debug_abbrev  0x0000627f      0x25b /usr/lib/gcc/arm-none-eabi/13.2.1/../../../arm-none-eabi/lib/thumb/v7-m/nofp/libc.a(libc_a-callocr.o)
 .debug_abbrev  0x000064da      0x25a /usr/lib/gcc/arm-none-eabi/13.2.1/../../../arm-none-eabi/lib/thumb/v7-m/nofp/libc.a(libc_a-ssputs_r.o)
 .debug_abbrev  0x00006734      0x252 /usr/lib/gcc/arm-none-eabi/13.2.1/../../../arm-none-eabi/lib/thumb/v7-m/nofp/libc.a(libc_a-fiprintf.o)
 .debug_abbrev  0x00006986      0x2ed /usr/lib/gcc/arm-none-eabi/13.2.1/../../../arm-none-eabi/lib/thumb/v7-m/nofp/libc.a(libc_a-fclose.o)
 .debug_abbrev  0x00006c73      0x23d /usr/lib/gcc/arm-none-eabi/13.2.1/../../../arm-none-eabi/lib/thumb/v7-m/nofp/libc.a(libc_a-wctomb_r.o)
 .debug_abbrev  0x00006eb0      0x260 /usr/lib/gcc/arm-none-eabi/13.2.1/../../../arm-none-eabi/lib/thumb/v7-m/nofp/libc.a(libc_a-stdio.o)
 .debug_abbrev  0x00007110      0x22a /usr/lib/gcc/arm-none-eabi/13.2.1/../../../arm-none-eabi/lib/thumb/v7-m/nofp/libc.a(libc_a-reent.o)
 .debug_abbrev  0x0000733a      0x2a3 /usr/lib/gcc/arm-none-eabi/13.2.1/../../../arm-none-eabi/lib/thumb/v7-m/nofp/libc.a(libc_a-reallocr.o)
 .debug_abbrev  0x000075dd      0x1f1 /usr/lib/gcc/arm-none-eabi/13.2.1/../../../arm-none-eabi/lib/thumb/v7-m/nofp/libc.a(libc_a-writer.o)
 .debug_abbrev  0x000077ce      0x1ec /usr/lib/gcc/arm-none-eabi/13.2.1/../../../arm-none-eabi/lib/thumb/v7-m/nofp/libc.a(libc_a-closer.o)
 .debug_abbrev  0x000079ba      0x313 /usr/lib/gcc/arm-none-eabi/13.2.1/../../../arm-none-eabi/lib/thumb/v7-m/nofp/libc.a(libc_a-signal.o)
 .debug_abbrev  0x00007ccd      0x239 /usr/lib/gcc/arm-none-eabi/13.2.1/../../../arm-none-eabi/lib/thumb/v7-m/nofp/libc.a(libc_a-signalr.o)
 .debug_abbrev  0x00007f06      0x31f /usr/lib/gcc/arm-none-eabi/13.2.1/../../../arm-none-eabi/lib/thumb/v7-m/nofp/libc.a(libc_a-fflush.o)
 .debug_abbrev  0x00008225       0xc3 /usr/lib/gcc/arm-none-eabi/13.2.1/../../../arm-none-eabi/lib/thumb/v7-m/nofp/libc.a(libc_a-memmove.o)
 .debug_abbrev  0x000082e8      0x3e6 /usr/lib/gcc/arm-none-eabi/13.2.1/../../../arm-none-eabi/lib/thumb/v7-m/nofp/libc.a(libc_a-vfiprintf.o)
 .debug_abbrev  0x000086ce      0x1ec /usr/lib/gcc/arm-none-eabi/13.2.1/../../../arm-none-eabi/lib/thumb/v7-m/nofp/libc.a(libc_a-readr.o)
 .debug_abbrev  0x000088ba      0x21e /usr/lib/gcc/arm-none-eabi/13.2.1/../../../arm-none-eabi/lib/thumb/v7-m/nofp/libc.a(libc_a-wsetup.o)
 .debug_abbrev  0x00008ad8      0x200 /usr/lib/gcc/arm-none-eabi/13.2.1/../../../arm-none-eabi/lib/thumb/v7-m/nofp/libc.a(libc_a-lseekr.o)
 .debug_abbrev  0x00008cd8      0x1d4 /usr/lib/gcc/arm-none-eabi/13.2.1/../../../arm-none-eabi/lib/thumb/v7-m/nofp/libc.a(libc_a-sprint_r.o)
 .debug_abbrev  0x00008eac      0x2c1 /usr/lib/gcc/arm-none-eabi/13.2.1/../../../arm-none-eabi/lib/thumb/v7-m/nofp/libc.a(libc_a-makebuf.o)
 .debug_abbrev  0x0000916d      0x1ff /usr/lib/gcc/arm-none-eabi/13.2.1/../../../arm-none-eabi/lib/thumb/v7-m/nofp/libc.a(libc_a-fstatr.o)
 .debug_abbrev  0x0000936c      0x1ec /usr/lib/gcc/arm-none-eabi/13.2.1/../../../arm-none-eabi/lib/thumb/v7-m/nofp/libc.a(libc_a-isattyr.o)
 .debug_abbrev  0x00009558      0x260 /usr/lib/gcc/arm-none-eabi/13.2.1/../../../arm-none-eabi/lib/thumb/v7-m/nofp/libc.a(libc_a-fvwrite.o)
 .debug_abbrev  0x000097b8       0x28 /usr/lib/gcc/arm-none-eabi/13.2.1/thumb/v7-m/nofp/libgcc.a(_arm_addsubdf3.o)
 .debug_abbrev  0x000097e0       0x28 /usr/lib/gcc/arm-none-eabi/13.2.1/thumb/v7-m/nofp/libgcc.a(_arm_muldivdf3.o)
 .debug_abbrev  0x00009808       0x28 /usr/lib/gcc/arm-none-eabi/13.2.1/thumb/v7-m/nofp/libgcc.a(_arm_cmpdf2.o)
 .debug_abbrev  0x00009830       0x28 /usr/lib/gcc/arm-none-eabi/13.2.1/thumb/v7-m/nofp/libgcc.a(_arm_unorddf2.o)
 .debug_abbrev  0x00009858       0x28 /usr/lib/gcc/arm-none-eabi/13.2.1/thumb/v7-m/nofp/libgcc.a(_arm_fixdfsi.o)

.debug_loclists
                0x00000000     0xf9b2
 .debug_loclists
                0x00000000       0x17 build/src/main.o
 .debug_loclists
                0x00000017      0x1c4 build/src/usb_cdc.o
 .debug_loclists
                0x000001db      0x669 build/src/protocol.o
 .debug_loclists
                0x00000844      0x43f build/src/w25qxx.o
 .debug_loclists
                0x00000c83      0x137 build/src/syscalls.o
 .debug_loclists
                0x00000dba       0xd5 libopencm3/lib/libopencm3_stm32f1.a(gpio.o)
 .debug_loclists
                0x00000e8f       0x96 libopencm3/lib/libopencm3_stm32f1.a(gpio_common_all.o)
 .debug_loclists
                0x00000f25      0x2cb libopencm3/lib/libopencm3_stm32f1.a(rcc.o)
 .debug_loclists
                0x000011f0       0x87 libopencm3/lib/libopencm3_stm32f1.a(rcc_common_all.o)
 .debug_loclists
                0x00001277       0xfa libopencm3/lib/libopencm3_stm32f1.a(spi_common_all.o)
 .debug_loclists
                0x00001371       0xc9 libopencm3/lib/libopencm3_stm32f1.a(spi_common_v1.o)
 .debug_loclists
                0x0000143a      0x41a libopencm3/lib/libopencm3_stm32f1.a(usb.o)
 .debug_loclists
                0x00001854      0x546 libopencm3/lib/libopencm3_stm32f1.a(usb_control.o)
 .debug_loclists
                0x00001d9a     0x1221 libopencm3/lib/libopencm3_stm32f1.a(usb_standard.o)
 .debug_loclists
                0x00002fbb      0x125 libopencm3/lib/libopencm3_stm32f1.a(st_usbfs_v1.o)
 .debug_loclists
                0x000030e0       0xb6 libopencm3/lib/libopencm3_stm32f1.a(vector.o)
 .debug_loclists
                0x00003196      0x192 libopencm3/lib/libopencm3_stm32f1.a(systick.o)
 .debug_loclists
                0x00003328       0x25 libopencm3/lib/libopencm3_stm32f1.a(flash_common_all.o)
 .debug_loclists
                0x0000334d      0x67c libopencm3/lib/libopencm3_stm32f1.a(st_usbfs_core.o)
 .debug_loclists
                0x000039c9      0x2bb /usr/lib/gcc/arm-none-eabi/13.2.1/../../../arm-none-eabi/lib/thumb/v7-m/nofp/libc.a(libc_a-vsnprintf.o)
 .debug_loclists
                0x00003c84       0x4c /usr/lib/gcc/arm-none-eabi/13.2.1/../../../arm-none-eabi/lib/thumb/v7-m/nofp/libc.a(libc_a-strtok.o)
 .debug_loclists
                0x00003cd0     0x207e /usr/lib/gcc/arm-none-eabi/13.2.1/../../../arm-none-eabi/lib/thumb/v7-m/nofp/libc.a(libc_a-svfprintf.o)
 .debug_loclists
                0x00005d4e      0x3c6 /usr/lib/gcc/arm-none-eabi/13.2.1/../../../arm-none-eabi/lib/thumb/v7-m/nofp/libc.a(libc_a-strtoul.o)
 .debug_loclists
                0x00006114      0x9fa /usr/lib/gcc/arm-none-eabi/13.2.1/../../../arm-none-eabi/lib/thumb/v7-m/nofp/libc.a(libc_a-mallocr.o)
 .debug_loclists
                0x00006b0e     0x1fec /usr/lib/gcc/arm-none-eabi/13.2.1/../../../arm-none-eabi/lib/thumb/v7-m/nofp/libc.a(libc_a-dtoa.o)
 .debug_loclists
                0x00008afa      0x464 /usr/lib/gcc/arm-none-eabi/13.2.1/../../../arm-none-eabi/lib/thumb/v7-m/nofp/libc.a(libc_a-freer.o)
 .debug_loclists
                0x00008f5e      0x166 /usr/lib/gcc/arm-none-eabi/13.2.1/../../../arm-none-eabi/lib/thumb/v7-m/nofp/libc.a(libc_a-strtok_r.o)
 .debug_loclists
                0x000090c4       0xd6 /usr/lib/gcc/arm-none-eabi/13.2.1/../../../arm-none-eabi/lib/thumb/v7-m/nofp/libc.a(libc_a-memcmp.o)
 .debug_loclists
                0x0000919a       0x3b /usr/lib/gcc/arm-none-eabi/13.2.1/../../../arm-none-eabi/lib/thumb/v7-m/nofp/libc.a(libc_a-sysconf.o)
 .debug_loclists
                0x000091d5      0x1d0 /usr/lib/gcc/arm-none-eabi/13.2.1/../../../arm-none-eabi/lib/thumb/v7-m/nofp/libc.a(libc_a-findfp.o)
 .debug_loclists
                0x000093a5       0xb3 /usr/lib/gcc/arm-none-eabi/13.2.1/../../../arm-none-eabi/lib/thumb/v7-m/nofp/libc.a(libc_a-ssprint_r.o)
 .debug_loclists
                0x00009458       0x29 /usr/lib/gcc/arm-none-eabi/13.2.1/../../../arm-none-eabi/lib/thumb/v7-m/nofp/libc.a(libc_a-strlen-stub.o)
 .debug_loclists
                0x00009481       0x4b /usr/lib/gcc/arm-none-eabi/13.2.1/../../../arm-none-eabi/lib/thumb/v7-m/nofp/libc.a(libc_a-sbrkr.o)
 .debug_loclists
                0x000094cc      0x1d7 /usr/lib/gcc/arm-none-eabi/13.2.1/../../../arm-none-eabi/lib/thumb/v7-m/nofp/libc.a(libc_a-memset.o)
 .debug_loclists
                0x000096a3       0xfa /usr/lib/gcc/arm-none-eabi/13.2.1/../../../arm-none-eabi/lib/thumb/v7-m/nofp/libc.a(libc_a-assert.o)
 .debug_loclists
                0x0000979d     0x22b6 /usr/lib/gcc/arm-none-eabi/13.2.1/../../../arm-none-eabi/lib/thumb/v7-m/nofp/libc.a(libc_a-mprec.o)
 .debug_loclists
                0x0000ba53      0x172 /usr/lib/gcc/arm-none-eabi/13.2.1/../../../arm-none-eabi/lib/thumb/v7-m/nofp/libc.a(libc_a-memchr-stub.o)
 .debug_loclists
                0x0000bbc5       0x79 /usr/lib/gcc/arm-none-eabi/13.2.1/../../../arm-none-eabi/lib/thumb/v7-m/nofp/libc.a(libc_a-fwalk.o)
 .debug_loclists
                0x0000bc3e       0x48 /usr/lib/gcc/arm-none-eabi/13.2.1/../../../arm-none-eabi/lib/thumb/v7-m/nofp/libc.a(libc_a-localeconv.o)
 .debug_loclists
                0x0000bc86      0x151 /usr/lib/gcc/arm-none-eabi/13.2.1/../../../arm-none-eabi/lib/thumb/v7-m/nofp/libc.a(libc_a-locale.o)
 .debug_loclists
                0x0000bdd7      0x158 /usr/lib/gcc/arm-none-eabi/13.2.1/../../../arm-none-eabi/lib/thumb/v7-m/nofp/libc.a(libc_a-mbtowc_r.o)
 .debug_loclists
                0x0000bf2f      0x1f6 /usr/lib/gcc/arm-none-eabi/13.2.1/../../../arm-none-eabi/lib/thumb/v7-m/nofp/libc.a(libc_a-callocr.o)
 .debug_loclists
                0x0000c125      0x16e /usr/lib/gcc/arm-none-eabi/13.2.1/../../../arm-none-eabi/lib/thumb/v7-m/nofp/libc.a(libc_a-ssputs_r.o)
 .debug_loclists
                0x0000c293       0x6b /usr/lib/gcc/arm-none-eabi/13.2.1/../../../arm-none-eabi/lib/thumb/v7-m/nofp/libc.a(libc_a-fiprintf.o)
 .debug_loclists
                0x0000c2fe       0xf7 /usr/lib/gcc/arm-none-eabi/13.2.1/../../../arm-none-eabi/lib/thumb/v7-m/nofp/libc.a(libc_a-fclose.o)
 .debug_loclists
                0x0000c3f5       0xed /usr/lib/gcc/arm-none-eabi/13.2.1/../../../arm-none-eabi/lib/thumb/v7-m/nofp/libc.a(libc_a-wctomb_r.o)
 .debug_loclists
                0x0000c4e2      0x23b /usr/lib/gcc/arm-none-eabi/13.2.1/../../../arm-none-eabi/lib/thumb/v7-m/nofp/libc.a(libc_a-stdio.o)
 .debug_loclists
                0x0000c71d       0x6e /usr/lib/gcc/arm-none-eabi/13.2.1/../../../arm-none-eabi/lib/thumb/v7-m/nofp/libc.a(libc_a-reent.o)
 .debug_loclists
                0x0000c78b      0xb97 /usr/lib/gcc/arm-none-eabi/13.2.1/../../../arm-none-eabi/lib/thumb/v7-m/nofp/libc.a(libc_a-reallocr.o)
 .debug_loclists
                0x0000d322       0x97 /usr/lib/gcc/arm-none-eabi/13.2.1/../../../arm-none-eabi/lib/thumb/v7-m/nofp/libc.a(libc_a-writer.o)
 .debug_loclists
                0x0000d3b9       0x4b /usr/lib/gcc/arm-none-eabi/13.2.1/../../../arm-none-eabi/lib/thumb/v7-m/nofp/libc.a(libc_a-closer.o)
 .debug_loclists
                0x0000d404      0x59c /usr/lib/gcc/arm-none-eabi/13.2.1/../../../arm-none-eabi/lib/thumb/v7-m/nofp/libc.a(libc_a-signal.o)
 .debug_loclists
                0x0000d9a0       0x82 /usr/lib/gcc/arm-none-eabi/13.2.1/../../../arm-none-eabi/lib/thumb/v7-m/nofp/libc.a(libc_a-signalr.o)
 .debug_loclists
                0x0000da22      0x2a4 /usr/lib/gcc/arm-none-eabi/13.2.1/../../../arm-none-eabi/lib/thumb/v7-m/nofp/libc.a(libc_a-fflush.o)
 .debug_loclists
                0x0000dcc6      0x21b /usr/lib/gcc/arm-none-eabi/13.2.1/../../../arm-none-eabi/lib/thumb/v7-m/nofp/libc.a(libc_a-memmove.o)
 .debug_loclists
                0x0000dee1     0x11c5 /usr/lib/gcc/arm-none-eabi/13.2.1/../../../arm-none-eabi/lib/thumb/v7-m/nofp/libc.a(libc_a-vfiprintf.o)
 .debug_loclists
                0x0000f0a6       0x97 /usr/lib/gcc/arm-none-eabi/13.2.1/../../../arm-none-eabi/lib/thumb/v7-m/nofp/libc.a(libc_a-readr.o)
 .debug_loclists
                0x0000f13d       0x61 /usr/lib/gcc/arm-none-eabi/13.2.1/../../../arm-none-eabi/lib/thumb/v7-m/nofp/libc.a(libc_a-wsetup.o)
 .debug_loclists
                0x0000f19e       0x97 /usr/lib/gcc/arm-none-eabi/13.2.1/../../../arm-none-eabi/lib/thumb/v7-m/nofp/libc.a(libc_a-lseekr.o)
 .debug_loclists
                0x0000f235       0x72 /usr/lib/gcc/arm-none-eabi/13.2.1/../../../arm-none-eabi/lib/thumb/v7-m/nofp/libc.a(libc_a-sprint_r.o)
 .debug_loclists
                0x0000f2a7      0x25e /usr/lib/gcc/arm-none-eabi/13.2.1/../../../arm-none-eabi/lib/thumb/v7-m/nofp/libc.a(libc_a-makebuf.o)
 .debug_loclists
                0x0000f505       0x6a /usr/lib/gcc/arm-none-eabi/13.2.1/../../../arm-none-eabi/lib/thumb/v7-m/nofp/libc.a(libc_a-fstatr.o)
 .debug_loclists
                0x0000f56f       0x4b /usr/lib/gcc/arm-none-eabi/13.2.1/../../../arm-none-eabi/lib/thumb/v7-m/nofp/libc.a(libc_a-isattyr.o)
 .debug_loclists
                0x0000f5ba      0x3f8 /usr/lib/gcc/arm-none-eabi/13.2.1/../../../arm-none-eabi/lib/thumb/v7-m/nofp/libc.a(libc_a-fvwrite.o)

.debug_aranges  0x00000000      0xfe8
 .debug_aranges
                0x00000000       0x38 build/src/main.o
 .debug_aranges
                0x00000038       0x48 build/src/usb_cdc.o
 .debug_aranges
                0x00000080       0x58 build/src/protocol.o
 .debug_aranges
                0x000000d8       0x78 build/src/w25qxx.o
 .debug_aranges
                0x00000150       0x68 build/src/syscalls.o
 .debug_aranges
                0x000001b8       0x38 libopencm3/lib/libopencm3_stm32f1.a(gpio.o)
 .debug_aranges
                0x000001f0       0x50 libopencm3/lib/libopencm3_stm32f1.a(gpio_common_all.o)
 .debug_aranges
                0x00000240      0x170 libopencm3/lib/libopencm3_stm32f1.a(rcc.o)
 .debug_aranges
                0x000003b0       0x80 libopencm3/lib/libopencm3_stm32f1.a(rcc_common_all.o)
 .debug_aranges
                0x00000430      0x170 libopencm3/lib/libopencm3_stm32f1.a(spi_common_all.o)
 .debug_aranges
                0x000005a0       0x30 libopencm3/lib/libopencm3_stm32f1.a(spi_common_v1.o)
 .debug_aranges
                0x000005d0       0x98 libopencm3/lib/libopencm3_stm32f1.a(usb.o)
 .debug_aranges
                0x00000668       0x58 libopencm3/lib/libopencm3_stm32f1.a(usb_control.o)
 .debug_aranges
                0x000006c0       0xa0 libopencm3/lib/libopencm3_stm32f1.a(usb_standard.o)
 .debug_aranges
                0x00000760       0x30 libopencm3/lib/libopencm3_stm32f1.a(st_usbfs_v1.o)
 .debug_aranges
                0x00000790       0x30 libopencm3/lib/libopencm3_stm32f1.a(vector.o)
 .debug_aranges
                0x000007c0       0x78 libopencm3/lib/libopencm3_stm32f1.a(systick.o)
 .debug_aranges
                0x00000838       0x38 libopencm3/lib/libopencm3_stm32f1.a(flash_common_all.o)
 .debug_aranges
                0x00000870       0x68 libopencm3/lib/libopencm3_stm32f1.a(st_usbfs_core.o)
 .debug_aranges
                0x000008d8       0x20 /usr/lib/gcc/arm-none-eabi/13.2.1/../../../arm-none-eabi/lib/thumb/v7-m/nofp/libc.a(libc_a-vsnprintf.o)
 .debug_aranges
                0x000008f8       0x20 /usr/lib/gcc/arm-none-eabi/13.2.1/../../../arm-none-eabi/lib/thumb/v7-m/nofp/libc.a(libc_a-strtok.o)
 .debug_aranges
                0x00000918       0x20 /usr/lib/gcc/arm-none-eabi/13.2.1/../../../arm-none-eabi/lib/thumb/v7-m/nofp/libc.a(libc_a-svfprintf.o)
 .debug_aranges
                0x00000938       0x20 /usr/lib/gcc/arm-none-eabi/13.2.1/../../../arm-none-eabi/lib/thumb/v7-m/nofp/libc.a(libc_a-strcmp.o)
 .debug_aranges
                0x00000958       0x20 /usr/lib/gcc/arm-none-eabi/13.2.1/../../../arm-none-eabi/lib/thumb/v7-m/nofp/libc.a(libc_a-strtoul.o)
 .debug_aranges
                0x00000978       0x20 /usr/lib/gcc/arm-none-eabi/13.2.1/../../../arm-none-eabi/lib/thumb/v7-m/nofp/libc.a(libc_a-errno.o)
 .debug_aranges
                0x00000998       0x18 /usr/lib/gcc/arm-none-eabi/13.2.1/../../../arm-none-eabi/lib/thumb/v7-m/nofp/libc.a(libc_a-impure.o)
 .debug_aranges
                0x000009b0       0x20 /usr/lib/gcc/arm-none-eabi/13.2.1/../../../arm-none-eabi/lib/thumb/v7-m/nofp/libc.a(libc_a-mallocr.o)
 .debug_aranges
                0x000009d0       0x20 /usr/lib/gcc/arm-none-eabi/13.2.1/../../../arm-none-eabi/lib/thumb/v7-m/nofp/libc.a(libc_a-dtoa.o)
 .debug_aranges
                0x000009f0       0x20 /usr/lib/gcc/arm-none-eabi/13.2.1/../../../arm-none-eabi/lib/thumb/v7-m/nofp/libc.a(libc_a-freer.o)
 .debug_aranges
                0x00000a10       0x20 /usr/lib/gcc/arm-none-eabi/13.2.1/../../../arm-none-eabi/lib/thumb/v7-m/nofp/libc.a(libc_a-strtok_r.o)
 .debug_aranges
                0x00000a30       0x20 /usr/lib/gcc/arm-none-eabi/13.2.1/../../../arm-none-eabi/lib/thumb/v7-m/nofp/libc.a(libc_a-memcmp.o)
 .debug_aranges
                0x00000a50       0x20 /usr/lib/gcc/arm-none-eabi/13.2.1/../../../arm-none-eabi/lib/thumb/v7-m/nofp/libc.a(libc_a-memcpy.o)
 .debug_aranges
                0x00000a70       0x20 /usr/lib/gcc/arm-none-eabi/13.2.1/../../../arm-none-eabi/lib/thumb/v7-m/nofp/libc.a(libc_a-sysconf.o)
 .debug_aranges
                0x00000a90       0x20 /usr/lib/gcc/arm-none-eabi/13.2.1/../../../arm-none-eabi/lib/thumb/v7-m/nofp/libc.a(libc_a-mlock.o)
 .debug_aranges
                0x00000ab0       0x20 /usr/lib/gcc/arm-none-eabi/13.2.1/../../../arm-none-eabi/lib/thumb/v7-m/nofp/libc.a(libc_a-findfp.o)
 .debug_aranges
                0x00000ad0       0x18 /usr/lib/gcc/arm-none-eabi/13.2.1/../../../arm-none-eabi/lib/thumb/v7-m/nofp/libc.a(libc_a-ctype_.o)
 .debug_aranges
                0x00000ae8       0x20 /usr/lib/gcc/arm-none-eabi/13.2.1/../../../arm-none-eabi/lib/thumb/v7-m/nofp/libc.a(libc_a-ssprint_r.o)
 .debug_aranges
                0x00000b08       0x20 /usr/lib/gcc/arm-none-eabi/13.2.1/../../../arm-none-eabi/lib/thumb/v7-m/nofp/libc.a(libc_a-strlen-stub.o)
 .debug_aranges
                0x00000b28       0x20 /usr/lib/gcc/arm-none-eabi/13.2.1/../../../arm-none-eabi/lib/thumb/v7-m/nofp/libc.a(libc_a-sbrkr.o)
 .debug_aranges
                0x00000b48       0x20 /usr/lib/gcc/arm-none-eabi/13.2.1/../../../arm-none-eabi/lib/thumb/v7-m/nofp/libc.a(libc_a-memset.o)
 .debug_aranges
                0x00000b68       0x20 /usr/lib/gcc/arm-none-eabi/13.2.1/../../../arm-none-eabi/lib/thumb/v7-m/nofp/libc.a(libc_a-assert.o)
 .debug_aranges
                0x00000b88       0x20 /usr/lib/gcc/arm-none-eabi/13.2.1/../../../arm-none-eabi/lib/thumb/v7-m/nofp/libc.a(libc_a-mprec.o)
 .debug_aranges
                0x00000ba8       0x20 /usr/lib/gcc/arm-none-eabi/13.2.1/../../../arm-none-eabi/lib/thumb/v7-m/nofp/libc.a(libc_a-memchr-stub.o)
 .debug_aranges
                0x00000bc8       0x20 /usr/lib/gcc/arm-none-eabi/13.2.1/../../../arm-none-eabi/lib/thumb/v7-m/nofp/libc.a(libc_a-fwalk.o)
 .debug_aranges
                0x00000be8       0x20 /usr/lib/gcc/arm-none-eabi/13.2.1/../../../arm-none-eabi/lib/thumb/v7-m/nofp/libc.a(libc_a-localeconv.o)
 .debug_aranges
                0x00000c08       0x20 /usr/lib/gcc/arm-none-eabi/13.2.1/../../../arm-none-eabi/lib/thumb/v7-m/nofp/libc.a(libc_a-locale.o)
 .debug_aranges
                0x00000c28       0x20 /usr/lib/gcc/arm-none-eabi/13.2.1/../../../arm-none-eabi/lib/thumb/v7-m/nofp/libc.a(libc_a-mbtowc_r.o)
 .debug_aranges
                0x00000c48       0x20 /usr/lib/gcc/arm-none-eabi/13.2.1/../../../arm-none-eabi/lib/thumb/v7-m/nofp/libc.a(libc_a-abort.o)
 .debug_aranges
                0x00000c68       0x20 /usr/lib/gcc/arm-none-eabi/13.2.1/../../../arm-none-eabi/lib/thumb/v7-m/nofp/libc.a(libc_a-callocr.o)
 .debug_aranges
                0x00000c88       0x20 /usr/lib/gcc/arm-none-eabi/13.2.1/../../../arm-none-eabi/lib/thumb/v7-m/nofp/libc.a(libc_a-ssputs_r.o)
 .debug_aranges
                0x00000ca8       0x20 /usr/lib/gcc/arm-none-eabi/13.2.1/../../../arm-none-eabi/lib/thumb/v7-m/nofp/libc.a(libc_a-fiprintf.o)
 .debug_aranges
                0x00000cc8       0x20 /usr/lib/gcc/arm-none-eabi/13.2.1/../../../arm-none-eabi/lib/thumb/v7-m/nofp/libc.a(libc_a-fclose.o)
 .debug_aranges
                0x00000ce8       0x20 /usr/lib/gcc/arm-none-eabi/13.2.1/../../../arm-none-eabi/lib/thumb/v7-m/nofp/libc.a(libc_a-wctomb_r.o)
 .debug_aranges
                0x00000d08       0x20 /usr/lib/gcc/arm-none-eabi/13.2.1/../../../arm-none-eabi/lib/thumb/v7-m/nofp/libc.a(libc_a-stdio.o)
 .debug_aranges
                0x00000d28       0x20 /usr/lib/gcc/arm-none-eabi/13.2.1/../../../arm-none-eabi/lib/thumb/v7-m/nofp/libc.a(libc_a-reent.o)
 .debug_aranges
                0x00000d48       0x20 /usr/lib/gcc/arm-none-eabi/13.2.1/../../../arm-none-eabi/lib/thumb/v7-m/nofp/libc.a(libc_a-reallocr.o)
 .debug_aranges
                0x00000d68       0x20 /usr/lib/gcc/arm-none-eabi/13.2.1/../../../arm-none-eabi/lib/thumb/v7-m/nofp/libc.a(libc_a-writer.o)
 .debug_aranges
                0x00000d88       0x20 /usr/lib/gcc/arm-none-eabi/13.2.1/../../../arm-none-eabi/lib/thumb/v7-m/nofp/libc.a(libc_a-closer.o)
 .debug_aranges
                0x00000da8       0x20 /usr/lib/gcc/arm-none-eabi/13.2.1/../../../arm-none-eabi/lib/thumb/v7-m/nofp/libc.a(libc_a-signal.o)
 .debug_aranges
                0x00000dc8       0x20 /usr/lib/gcc/arm-none-eabi/13.2.1/../../../arm-none-eabi/lib/thumb/v7-m/nofp/libc.a(libc_a-signalr.o)
 .debug_aranges
                0x00000de8       0x20 /usr/lib/gcc/arm-none-eabi/13.2.1/../../../arm-none-eabi/lib/thumb/v7-m/nofp/libc.a(libc_a-fflush.o)
 .debug_aranges
                0x00000e08       0x20 /usr/lib/gcc/arm-none-eabi/13.2.1/../../../arm-none-eabi/lib/thumb/v7-m/nofp/libc.a(libc_a-memmove.o)
 .debug_aranges
                0x00000e28       0x20 /usr/lib/gcc/arm-none-eabi/13.2.1/../../../arm-none-eabi/lib/thumb/v7-m/nofp/libc.a(libc_a-vfiprintf.o)
 .debug_aranges
                0x00000e48       0x20 /usr/lib/gcc/arm-none-eabi/13.2.1/../../../arm-none-eabi/lib/thumb/v7-m/nofp/libc.a(libc_a-readr.o)
 .debug_aranges
                0x00000e68       0x20 /usr/lib/gcc/arm-none-eabi/13.2.1/../../../arm-none-eabi/lib/thumb/v7-m/nofp/libc.a(libc_a-wsetup.o)
 .debug_aranges
                0x00000e88       0x20 /usr/lib/gcc/arm-none-eabi/13.2.1/../../../arm-none-eabi/lib/thumb/v7-m/nofp/libc.a(libc_a-lseekr.o)
 .debug_aranges
                0x00000ea8       0x20 /usr/lib/gcc/arm-none-eabi/13.2.1/../../../arm-none-eabi/lib/thumb/v7-m/nofp/libc.a(libc_a-sprint_r.o)
 .debug_aranges
                0x00000ec8       0x20 /usr/lib/gcc/arm-none-eabi/13.2.1/../../../arm-none-eabi/lib/thumb/v7-m/nofp/libc.a(libc_a-makebuf.o)
 .debug_aranges
                0x00000ee8       0x20 /usr/lib/gcc/arm-none-eabi/13.2.1/../../../arm-none-eabi/lib/thumb/v7-m/nofp/libc.a(libc_a-fstatr.o)
 .debug_aranges
                0x00000f08       0x20 /usr/lib/gcc/arm-none-eabi/13.2.1/../../../arm-none-eabi/lib/thumb/v7-m/nofp/libc.a(libc_a-isattyr.o)
 .debug_aranges
                0x00000f28       0x20 /usr/lib/gcc/arm-none-eabi/13.2.1/../../../arm-none-eabi/lib/thumb/v7-m/nofp/libc.a(libc_a-fvwrite.o)
 .debug_aranges
                0x00000f48       0x20 /usr/lib/gcc/arm-none-eabi/13.2.1/thumb/v7-m/nofp/libgcc.a(_arm_addsubdf3.o)
 .debug_aranges
                0x00000f68       0x20 /usr/lib/gcc/arm-none-eabi/13.2.1/thumb/v7-m/nofp/libgcc.a(_arm_muldivdf3.o)
 .debug_aranges
                0x00000f88       0x20 /usr/lib/gcc/arm-none-eabi/13.2.1/thumb/v7-m/nofp/libgcc.a(_arm_cmpdf2.o)
 .debug_aranges
                0x00000fa8       0x20 /usr/lib/gcc/arm-none-eabi/13.2.1/thumb/v7-m/nofp/libgcc.a(_arm_unorddf2.o)
 .debug_aranges
                0x00000fc8       0x20 /usr/lib/gcc/arm-none-eabi/13.2.1/thumb/v7-m/nofp/libgcc.a(_arm_fixdfsi.o)

.debug_rnglists
                0x00000000      0xe13
 .debug_rnglists
                0x00000000       0x31 build/src/main.o
 .debug_rnglists
                0x00000031       0x4d build/src/usb_cdc.o
 .debug_rnglists
                0x0000007e       0xbc build/src/protocol.o
 .debug_rnglists
                0x0000013a       0x8d build/src/w25qxx.o
 .debug_rnglists
                0x000001c7       0x49 build/src/syscalls.o
 .debug_rnglists
                0x00000210       0x25 libopencm3/lib/libopencm3_stm32f1.a(gpio.o)
 .debug_rnglists
                0x00000235       0x37 libopencm3/lib/libopencm3_stm32f1.a(gpio_common_all.o)
 .debug_rnglists
                0x0000026c      0x160 libopencm3/lib/libopencm3_stm32f1.a(rcc.o)
 .debug_rnglists
                0x000003cc       0x5b libopencm3/lib/libopencm3_stm32f1.a(rcc_common_all.o)
 .debug_rnglists
                0x00000427      0x10f libopencm3/lib/libopencm3_stm32f1.a(spi_common_all.o)
 .debug_rnglists
                0x00000536       0x1f libopencm3/lib/libopencm3_stm32f1.a(spi_common_v1.o)
 .debug_rnglists
                0x00000555       0x7c libopencm3/lib/libopencm3_stm32f1.a(usb.o)
 .debug_rnglists
                0x000005d1       0x97 libopencm3/lib/libopencm3_stm32f1.a(usb_control.o)
 .debug_rnglists
                0x00000668      0x121 libopencm3/lib/libopencm3_stm32f1.a(usb_standard.o)
 .debug_rnglists
                0x00000789       0x3d libopencm3/lib/libopencm3_stm32f1.a(st_usbfs_v1.o)
 .debug_rnglists
                0x000007c6       0x20 libopencm3/lib/libopencm3_stm32f1.a(vector.o)
 .debug_rnglists
                0x000007e6       0x61 libopencm3/lib/libopencm3_stm32f1.a(systick.o)
 .debug_rnglists
                0x00000847       0x25 libopencm3/lib/libopencm3_stm32f1.a(flash_common_all.o)
 .debug_rnglists
                0x0000086c       0x9d libopencm3/lib/libopencm3_stm32f1.a(st_usbfs_core.o)
 .debug_rnglists
                0x00000909       0x1c /usr/lib/gcc/arm-none-eabi/13.2.1/../../../arm-none-eabi/lib/thumb/v7-m/nofp/libc.a(libc_a-vsnprintf.o)
 .debug_rnglists
                0x00000925       0xdf /usr/lib/gcc/arm-none-eabi/13.2.1/../../../arm-none-eabi/lib/thumb/v7-m/nofp/libc.a(libc_a-svfprintf.o)
 .debug_rnglists
                0x00000a04       0x2b /usr/lib/gcc/arm-none-eabi/13.2.1/../../../arm-none-eabi/lib/thumb/v7-m/nofp/libc.a(libc_a-mallocr.o)
 .debug_rnglists
                0x00000a2f       0x2c /usr/lib/gcc/arm-none-eabi/13.2.1/../../../arm-none-eabi/lib/thumb/v7-m/nofp/libc.a(libc_a-dtoa.o)
 .debug_rnglists
                0x00000a5b       0x7a /usr/lib/gcc/arm-none-eabi/13.2.1/../../../arm-none-eabi/lib/thumb/v7-m/nofp/libc.a(libc_a-findfp.o)
 .debug_rnglists
                0x00000ad5       0x13 /usr/lib/gcc/arm-none-eabi/13.2.1/../../../arm-none-eabi/lib/thumb/v7-m/nofp/libc.a(libc_a-strlen-stub.o)
 .debug_rnglists
                0x00000ae8       0xad /usr/lib/gcc/arm-none-eabi/13.2.1/../../../arm-none-eabi/lib/thumb/v7-m/nofp/libc.a(libc_a-mprec.o)
 .debug_rnglists
                0x00000b95       0x19 /usr/lib/gcc/arm-none-eabi/13.2.1/../../../arm-none-eabi/lib/thumb/v7-m/nofp/libc.a(libc_a-locale.o)
 .debug_rnglists
                0x00000bae       0x29 /usr/lib/gcc/arm-none-eabi/13.2.1/../../../arm-none-eabi/lib/thumb/v7-m/nofp/libc.a(libc_a-callocr.o)
 .debug_rnglists
                0x00000bd7       0x1e /usr/lib/gcc/arm-none-eabi/13.2.1/../../../arm-none-eabi/lib/thumb/v7-m/nofp/libc.a(libc_a-ssputs_r.o)
 .debug_rnglists
                0x00000bf5       0x1b /usr/lib/gcc/arm-none-eabi/13.2.1/../../../arm-none-eabi/lib/thumb/v7-m/nofp/libc.a(libc_a-fclose.o)
 .debug_rnglists
                0x00000c10       0xa3 /usr/lib/gcc/arm-none-eabi/13.2.1/../../../arm-none-eabi/lib/thumb/v7-m/nofp/libc.a(libc_a-reallocr.o)
 .debug_rnglists
                0x00000cb3       0x65 /usr/lib/gcc/arm-none-eabi/13.2.1/../../../arm-none-eabi/lib/thumb/v7-m/nofp/libc.a(libc_a-signal.o)
 .debug_rnglists
                0x00000d18       0x59 /usr/lib/gcc/arm-none-eabi/13.2.1/../../../arm-none-eabi/lib/thumb/v7-m/nofp/libc.a(libc_a-fflush.o)
 .debug_rnglists
                0x00000d71       0x23 /usr/lib/gcc/arm-none-eabi/13.2.1/../../../arm-none-eabi/lib/thumb/v7-m/nofp/libc.a(libc_a-vfiprintf.o)
 .debug_rnglists
                0x00000d94       0x1e /usr/lib/gcc/arm-none-eabi/13.2.1/../../../arm-none-eabi/lib/thumb/v7-m/nofp/libc.a(libc_a-wsetup.o)
 .debug_rnglists
                0x00000db2       0x31 /usr/lib/gcc/arm-none-eabi/13.2.1/../../../arm-none-eabi/lib/thumb/v7-m/nofp/libc.a(libc_a-makebuf.o)
 .debug_rnglists
                0x00000de3       0x30 /usr/lib/gcc/arm-none-eabi/13.2.1/../../../arm-none-eabi/lib/thumb/v7-m/nofp/libc.a(libc_a-fvwrite.o)

.debug_macro    0x00000000     0x6f5c
 .debug_macro   0x00000000       0xae build/src/main.o
 .debug_macro   0x000000ae      0xacc build/src/main.o
 .debug_macro   0x00000b7a      0x34e build/src/main.o
 .debug_macro   0x00000ec8      0x190 build/src/main.o
 .debug_macro   0x00001058       0x10 build/src/main.o
 .debug_macro   0x00001068       0x76 build/src/main.o
 .debug_macro   0x000010de       0x1c build/src/main.o
 .debug_macro   0x000010fa       0x22 build/src/main.o
 .debug_macro   0x0000111c       0xe8 build/src/main.o
 .debug_macro   0x00001204       0x69 build/src/main.o
 .debug_macro   0x0000126d      0x1ba build/src/main.o
 .debug_macro   0x00001427      0x8c6 build/src/main.o
 .debug_macro   0x00001ced       0xe1 build/src/usb_cdc.o
 .debug_macro   0x00001dce      0x1b4 build/src/usb_cdc.o
 .debug_macro   0x00001f82       0x76 build/src/usb_cdc.o
 .debug_macro   0x00001ff8      0xe2e build/src/usb_cdc.o
 .debug_macro   0x00002e26       0x6b build/src/usb_cdc.o
 .debug_macro   0x00002e91      0x1a2 build/src/usb_cdc.o
 .debug_macro   0x00003033       0x16 build/src/usb_cdc.o
 .debug_macro   0x00003049      0x192 build/src/protocol.o
 .debug_macro   0x000031db       0x58 build/src/protocol.o
 .debug_macro   0x00003233       0x22 build/src/protocol.o
 .debug_macro   0x00003255       0x60 build/src/protocol.o
 .debug_macro   0x000032b5       0x24 build/src/protocol.o
 .debug_macro   0x000032d9       0x5c build/src/protocol.o
 .debug_macro   0x00003335       0x3c build/src/protocol.o
 .debug_macro   0x00003371       0x34 build/src/protocol.o
 .debug_macro   0x000033a5       0x16 build/src/protocol.o
 .debug_macro   0x000033bb       0x57 build/src/protocol.o
 .debug_macro   0x00003412       0x3c build/src/protocol.o
 .debug_macro   0x0000344e      0x370 build/src/protocol.o
 .debug_macro   0x000037be       0x16 build/src/protocol.o
 .debug_macro   0x000037d4       0x4a build/src/protocol.o
 .debug_macro   0x0000381e       0x34 build/src/protocol.o
 .debug_macro   0x00003852       0x10 build/src/protocol.o
 .debug_macro   0x00003862       0x52 build/src/protocol.o
 .debug_macro   0x000038b4      0x1de build/src/protocol.o
 .debug_macro   0x00003a92       0x16 build/src/protocol.o
 .debug_macro   0x00003aa8       0x16 build/src/protocol.o
 .debug_macro   0x00003abe      0x12a build/src/protocol.o
 .debug_macro   0x00003be8       0x16 build/src/protocol.o
 .debug_macro   0x00003bfe       0x22 build/src/protocol.o
 .debug_macro   0x00003c20       0x16 build/src/protocol.o
 .debug_macro   0x00003c36      0x129 build/src/w25qxx.o
 .debug_macro   0x00003d5f      0x2eb build/src/w25qxx.o
 .debug_macro   0x0000404a       0x16 build/src/w25qxx.o
 .debug_macro   0x00004060      0x161 build/src/syscalls.o
 .debug_macro   0x000041c1       0x10 build/src/syscalls.o
 .debug_macro   0x000041d1      0x23c build/src/syscalls.o
 .debug_macro   0x0000440d       0x10 build/src/syscalls.o